Component: ARM Compiler 5.06 update 6 (build 750) Tool: armlink [4d35ed]

==============================================================================

Section Cross References

    startup_stm32f427_437xx.o(RESET) refers to startup_stm32f427_437xx.o(STACK) for __initial_sp
    startup_stm32f427_437xx.o(RESET) refers to startup_stm32f427_437xx.o(.text) for Reset_Handler
    startup_stm32f427_437xx.o(RESET) refers to stm32f4xx_it.o(i.NMI_Handler) for NMI_Handler
    startup_stm32f427_437xx.o(RESET) refers to stm32f4xx_it.o(i.HardFault_Handler) for HardFault_Handler
    startup_stm32f427_437xx.o(RESET) refers to stm32f4xx_it.o(i.MemManage_Handler) for MemManage_Handler
    startup_stm32f427_437xx.o(RESET) refers to stm32f4xx_it.o(i.BusFault_Handler) for BusFault_Handler
    startup_stm32f427_437xx.o(RESET) refers to stm32f4xx_it.o(i.UsageFault_Handler) for UsageFault_Handler
    startup_stm32f427_437xx.o(RESET) refers to port.o(.emb_text) for SVC_Handler
    startup_stm32f427_437xx.o(RESET) refers to stm32f4xx_it.o(i.DebugMon_Handler) for DebugMon_Handler
    startup_stm32f427_437xx.o(RESET) refers to delay.o(i.SysTick_Handler) for SysTick_Handler
    startup_stm32f427_437xx.o(RESET) refers to can.o(i.CAN1_RX0_IRQHandler) for CAN1_RX0_IRQHandler
    startup_stm32f427_437xx.o(RESET) refers to dbus.o(i.USART1_IRQHandler) for USART1_IRQHandler
    startup_stm32f427_437xx.o(RESET) refers to bmi_task.o(i.USART6_IRQHandler) for USART6_IRQHandler
    startup_stm32f427_437xx.o(.text) refers to system_stm32f4xx.o(i.SystemInit) for SystemInit
    startup_stm32f427_437xx.o(.text) refers to entry.o(.ARM.Collect$$$$00000000) for __main
    event_groups.o(i.vEventGroupClearBitsCallback) refers to event_groups.o(i.xEventGroupClearBits) for xEventGroupClearBits
    event_groups.o(i.vEventGroupDelete) refers to tasks.o(i.vTaskSuspendAll) for vTaskSuspendAll
    event_groups.o(i.vEventGroupDelete) refers to tasks.o(i.vTaskRemoveFromUnorderedEventList) for vTaskRemoveFromUnorderedEventList
    event_groups.o(i.vEventGroupDelete) refers to heap_4.o(i.vPortFree) for vPortFree
    event_groups.o(i.vEventGroupDelete) refers to tasks.o(i.xTaskResumeAll) for xTaskResumeAll
    event_groups.o(i.vEventGroupSetBitsCallback) refers to event_groups.o(i.xEventGroupSetBits) for xEventGroupSetBits
    event_groups.o(i.xEventGroupClearBits) refers to port.o(i.vPortEnterCritical) for vPortEnterCritical
    event_groups.o(i.xEventGroupClearBits) refers to port.o(i.vPortExitCritical) for vPortExitCritical
    event_groups.o(i.xEventGroupCreate) refers to heap_4.o(i.pvPortMalloc) for pvPortMalloc
    event_groups.o(i.xEventGroupCreate) refers to list.o(i.vListInitialise) for vListInitialise
    event_groups.o(i.xEventGroupSetBits) refers to tasks.o(i.vTaskSuspendAll) for vTaskSuspendAll
    event_groups.o(i.xEventGroupSetBits) refers to tasks.o(i.vTaskRemoveFromUnorderedEventList) for vTaskRemoveFromUnorderedEventList
    event_groups.o(i.xEventGroupSetBits) refers to tasks.o(i.xTaskResumeAll) for xTaskResumeAll
    event_groups.o(i.xEventGroupSync) refers to tasks.o(i.xTaskGetSchedulerState) for xTaskGetSchedulerState
    event_groups.o(i.xEventGroupSync) refers to tasks.o(i.vTaskSuspendAll) for vTaskSuspendAll
    event_groups.o(i.xEventGroupSync) refers to event_groups.o(i.xEventGroupSetBits) for xEventGroupSetBits
    event_groups.o(i.xEventGroupSync) refers to tasks.o(i.vTaskPlaceOnUnorderedEventList) for vTaskPlaceOnUnorderedEventList
    event_groups.o(i.xEventGroupSync) refers to tasks.o(i.xTaskResumeAll) for xTaskResumeAll
    event_groups.o(i.xEventGroupSync) refers to tasks.o(i.uxTaskResetEventItemValue) for uxTaskResetEventItemValue
    event_groups.o(i.xEventGroupSync) refers to port.o(i.vPortEnterCritical) for vPortEnterCritical
    event_groups.o(i.xEventGroupSync) refers to port.o(i.vPortExitCritical) for vPortExitCritical
    event_groups.o(i.xEventGroupWaitBits) refers to tasks.o(i.xTaskGetSchedulerState) for xTaskGetSchedulerState
    event_groups.o(i.xEventGroupWaitBits) refers to tasks.o(i.vTaskSuspendAll) for vTaskSuspendAll
    event_groups.o(i.xEventGroupWaitBits) refers to event_groups.o(i.prvTestWaitCondition) for prvTestWaitCondition
    event_groups.o(i.xEventGroupWaitBits) refers to tasks.o(i.vTaskPlaceOnUnorderedEventList) for vTaskPlaceOnUnorderedEventList
    event_groups.o(i.xEventGroupWaitBits) refers to tasks.o(i.xTaskResumeAll) for xTaskResumeAll
    event_groups.o(i.xEventGroupWaitBits) refers to tasks.o(i.uxTaskResetEventItemValue) for uxTaskResetEventItemValue
    event_groups.o(i.xEventGroupWaitBits) refers to port.o(i.vPortEnterCritical) for vPortEnterCritical
    event_groups.o(i.xEventGroupWaitBits) refers to port.o(i.vPortExitCritical) for vPortExitCritical
    queue.o(i.pcQueueGetName) refers to queue.o(.bss) for xQueueRegistry
    queue.o(i.prvCopyDataFromQueue) refers to memcpya.o(.text) for __aeabi_memcpy
[...]
    prvCheckForValidListAndQueue             0x08004071   Thumb Code    72  timers.o(i.prvCheckForValidListAndQueue)
    i.prvCheckTasksWaitingTermination        0x080040d4   Section        0  tasks.o(i.prvCheckTasksWaitingTermination)
    prvCheckTasksWaitingTermination          0x080040d5   Thumb Code    60  tasks.o(i.prvCheckTasksWaitingTermination)
    i.prvCopyDataFromQueue                   0x0800411c   Section        0  queue.o(i.prvCopyDataFromQueue)
    prvCopyDataFromQueue                     0x0800411d   Thumb Code    42  queue.o(i.prvCopyDataFromQueue)
    i.prvCopyDataToQueue                     0x08004146   Section        0  queue.o(i.prvCopyDataToQueue)
    prvCopyDataToQueue                       0x08004147   Thumb Code   126  queue.o(i.prvCopyDataToQueue)
    i.prvDeleteTCB                           0x080041c4   Section        0  tasks.o(i.prvDeleteTCB)
    prvDeleteTCB                             0x080041c5   Thumb Code    18  tasks.o(i.prvDeleteTCB)
    i.prvGetNextExpireTime                   0x080041d8   Section        0  timers.o(i.prvGetNextExpireTime)
    prvGetNextExpireTime                     0x080041d9   Thumb Code    36  timers.o(i.prvGetNextExpireTime)
    i.prvHeapInit                            0x08004200   Section        0  heap_4.o(i.prvHeapInit)
    prvHeapInit                              0x08004201   Thumb Code    98  heap_4.o(i.prvHeapInit)
    i.prvIdleTask                            0x0800427c   Section        0  tasks.o(i.prvIdleTask)
    prvIdleTask                              0x0800427d   Thumb Code    32  tasks.o(i.prvIdleTask)
    i.prvInitialiseNewQueue                  0x080042a4   Section        0  queue.o(i.prvInitialiseNewQueue)
    prvInitialiseNewQueue                    0x080042a5   Thumb Code    42  queue.o(i.prvInitialiseNewQueue)
    i.prvInitialiseNewTask                   0x080042ce   Section        0  tasks.o(i.prvInitialiseNewTask)
    prvInitialiseNewTask                     0x080042cf   Thumb Code   190  tasks.o(i.prvInitialiseNewTask)
    i.prvInitialiseTaskLists                 0x0800438c   Section        0  tasks.o(i.prvInitialiseTaskLists)
    prvInitialiseTaskLists                   0x0800438d   Thumb Code    70  tasks.o(i.prvInitialiseTaskLists)
    i.prvInsertBlockIntoFreeList             0x080043f4   Section        0  heap_4.o(i.prvInsertBlockIntoFreeList)
    prvInsertBlockIntoFreeList               0x080043f5   Thumb Code    96  heap_4.o(i.prvInsertBlockIntoFreeList)
    i.prvInsertTimerInActiveList             0x0800445c   Section        0  timers.o(i.prvInsertTimerInActiveList)
    prvInsertTimerInActiveList               0x0800445d   Thumb Code    80  timers.o(i.prvInsertTimerInActiveList)
    i.prvIsQueueEmpty                        0x080044b4   Section        0  queue.o(i.prvIsQueueEmpty)
    prvIsQueueEmpty                          0x080044b5   Thumb Code    26  queue.o(i.prvIsQueueEmpty)
    i.prvIsQueueFull                         0x080044ce   Section        0  queue.o(i.prvIsQueueFull)
    prvIsQueueFull                           0x080044cf   Thumb Code    30  queue.o(i.prvIsQueueFull)
    i.prvProcessExpiredTimer                 0x080044ec   Section        0  timers.o(i.prvProcessExpiredTimer)
    prvProcessExpiredTimer                   0x080044ed   Thumb Code   110  timers.o(i.prvProcessExpiredTimer)
    i.prvProcessReceivedCommands             0x08004560   Section        0  timers.o(i.prvProcessReceivedCommands)
    prvProcessReceivedCommands               0x08004561   Thumb Code   308  timers.o(i.prvProcessReceivedCommands)
    i.prvProcessTimerOrBlockTask             0x08004698   Section        0  timers.o(i.prvProcessTimerOrBlockTask)
    prvProcessTimerOrBlockTask               0x08004699   Thumb Code   102  timers.o(i.prvProcessTimerOrBlockTask)
    i.prvResetNextTaskUnblockTime            0x0800470c   Section        0  tasks.o(i.prvResetNextTaskUnblockTime)
    prvResetNextTaskUnblockTime              0x0800470d   Thumb Code    42  tasks.o(i.prvResetNextTaskUnblockTime)
    i.prvSampleTimeNow                       0x08004740   Section        0  timers.o(i.prvSampleTimeNow)
    prvSampleTimeNow                         0x08004741   Thumb Code    40  timers.o(i.prvSampleTimeNow)
    i.prvSwitchTimerLists                    0x0800476c   Section        0  timers.o(i.prvSwitchTimerLists)
    prvSwitchTimerLists                      0x0800476d   Thumb Code   154  timers.o(i.prvSwitchTimerLists)
    i.prvTaskExitError                       0x08004810   Section        0  port.o(i.prvTaskExitError)
    prvTaskExitError                         0x08004811   Thumb Code    60  port.o(i.prvTaskExitError)
    i.prvTimerTask                           0x08004850   Section        0  timers.o(i.prvTimerTask)
    prvTimerTask                             0x08004851   Thumb Code    26  timers.o(i.prvTimerTask)
    i.prvUnlockQueue                         0x0800486a   Section        0  queue.o(i.prvUnlockQueue)
    prvUnlockQueue                           0x0800486b   Thumb Code   126  queue.o(i.prvUnlockQueue)
    i.pvPortMalloc                           0x080048e8   Section        0  heap_4.o(i.pvPortMalloc)
    i.pxPortInitialiseStack                  0x08004a24   Section        0  port.o(i.pxPortInitialiseStack)
    i.sendD                                  0x08004a50   Section        0  usart.o(i.sendD)
    i.set_2006_current                       0x08004a70   Section        0  can.o(i.set_2006_current)
    i.set_3508_current                       0x08004ab8   Section        0  can.o(i.set_3508_current)
    i.shoot_task                             0x08004b1c   Section        0  shoot_task.o(i.shoot_task)
    i.sqrt                                   0x08004bc4   Section        0  sqrt.o(i.sqrt)
    i.start_task                             0x08004c34   Section        0  start_task.o(i.start_task)
    i.test_task                              0x08004d74   Section        0  start_task.o(i.test_task)
    i.usart_task                             0x08004d94   Section        0  start_task.o(i.usart_task)
    i.uxListRemove                           0x08004dc0   Section        0  list.o(i.uxListRemove)
    i.vListInitialise                        0x08004de8   Section        0  list.o(i.vListInitialise)
    i.vListInitialiseItem                    0x08004e02   Section        0  list.o(i.vListInitialiseItem)
    i.vListInsert                            0x08004e08   Section        0  list.o(i.vListInsert)
    i.vListInsertEnd                         0x08004e3c   Section        0  list.o(i.vListInsertEnd)
    i.vPortEnterCritical                     0x08004e54   Section        0  port.o(i.vPortEnterCritical)
    i.vPortExitCritical                      0x08004ea8   Section        0  port.o(i.vPortExitCritical)
    i.vPortFree                              0x08004ee4   Section        0  heap_4.o(i.vPortFree)
    i.vPortSetupTimerInterrupt               0x08004f78   Section        0  port.o(i.vPortSetupTimerInterrupt)
    i.vPortValidateInterruptPriority         0x08004fa0   Section        0  port.o(i.vPortValidateInterruptPriority)
    i.vQueueAddToRegistry                    0x08005018   Section        0  queue.o(i.vQueueAddToRegistry)
    i.vQueueWaitForMessageRestricted         0x08005044   Section        0  queue.o(i.vQueueWaitForMessageRestricted)
    i.vTaskDelay                             0x08005090   Section        0  tasks.o(i.vTaskDelay)
    i.vTaskDelayUntil                        0x080050ec   Section        0  tasks.o(i.vTaskDelayUntil)
    i.vTaskDelete                            0x080051c0   Section        0  tasks.o(i.vTaskDelete)
    i.vTaskInternalSetTimeOutState           0x080052b4   Section        0  tasks.o(i.vTaskInternalSetTimeOutState)
    i.vTaskMissedYield                       0x080052cc   Section        0  tasks.o(i.vTaskMissedYield)
    i.vTaskPlaceOnEventList                  0x080052d8   Section        0  tasks.o(i.vTaskPlaceOnEventList)
    i.vTaskPlaceOnEventListRestricted        0x08005310   Section        0  tasks.o(i.vTaskPlaceOnEventListRestricted)
    i.vTaskStartScheduler                    0x08005350   Section        0  tasks.o(i.vTaskStartScheduler)
    i.vTaskSuspendAll                        0x080053e4   Section        0  tasks.o(i.vTaskSuspendAll)
    i.vTaskSwitchContext                     0x080053f4   Section        0  tasks.o(i.vTaskSwitchContext)
    i.xPortStartScheduler                    0x08005480   Section        0  port.o(i.xPortStartScheduler)
    i.xPortSysTickHandler                    0x080055e8   Section        0  port.o(i.xPortSysTickHandler)
    i.xQueueGenericCreate                    0x0800561c   Section        0  queue.o(i.xQueueGenericCreate)
    i.xQueueGenericReset                     0x08005678   Section        0  queue.o(i.xQueueGenericReset)
    i.xQueueGenericSend                      0x08005710   Section        0  queue.o(i.xQueueGenericSend)
    i.xQueueGenericSendFromISR               0x080058b8   Section        0  queue.o(i.xQueueGenericSendFromISR)
    i.xQueueReceive                          0x080059b0   Section        0  queue.o(i.xQueueReceive)
    i.xTaskCheckForTimeOut                   0x08005b18   Section        0  tasks.o(i.xTaskCheckForTimeOut)
    i.xTaskCreate                            0x08005ba4   Section        0  tasks.o(i.xTaskCreate)
    i.xTaskGetSchedulerState                 0x08005c04   Section        0  tasks.o(i.xTaskGetSchedulerState)
    i.xTaskGetTickCount                      0x08005c24   Section        0  tasks.o(i.xTaskGetTickCount)
    i.xTaskIncrementTick                     0x08005c30   Section        0  tasks.o(i.xTaskIncrementTick)
    i.xTaskPriorityDisinherit                0x08005d78   Section        0  tasks.o(i.xTaskPriorityDisinherit)
    i.xTaskRemoveFromEventList               0x08005e40   Section        0  tasks.o(i.xTaskRemoveFromEventList)
    i.xTaskResumeAll                         0x08005ed8   Section        0  tasks.o(i.xTaskResumeAll)
    i.xTimerCreateTimerTask                  0x08005fdc   Section        0  timers.o(i.xTimerCreateTimerTask)
    i.xTimerGenericCommand                   0x08006034   Section        0  timers.o(i.xTimerGenericCommand)
    .constdata                               0x080060b8   Section      136  pow.o(.constdata)
    bp                                       0x080060b8   Data          16  pow.o(.constdata)
    dp_h                                     0x080060c8   Data          16  pow.o(.constdata)
    dp_l                                     0x080060d8   Data          16  pow.o(.constdata)
    L                                        0x080060e8   Data          48  pow.o(.constdata)
    P                                        0x08006118   Data          40  pow.o(.constdata)
    .constdata                               0x08006140   Section        8  qnan.o(.constdata)
    .data                                    0x20000000   Section       60  tasks.o(.data)
    pxDelayedTaskList                        0x20000004   Data           4  tasks.o(.data)
    pxOverflowDelayedTaskList                0x20000008   Data           4  tasks.o(.data)
    uxDeletedTasksWaitingCleanUp             0x2000000c   Data           4  tasks.o(.data)
    uxCurrentNumberOfTasks                   0x20000010   Data           4  tasks.o(.data)
    xTickCount                               0x20000014   Data           4  tasks.o(.data)
    uxTopReadyPriority                       0x20000018   Data           4  tasks.o(.data)
    xSchedulerRunning                        0x2000001c   Data           4  tasks.o(.data)
    uxPendedTicks                            0x20000020   Data           4  tasks.o(.data)
    xYieldPending                            0x20000024   Data           4  tasks.o(.data)
    xNumOfOverflows                          0x20000028   Data           4  tasks.o(.data)
    uxTaskNumber                             0x2000002c   Data           4  tasks.o(.data)
    xNextTaskUnblockTime                     0x20000030   Data           4  tasks.o(.data)
    xIdleTaskHandle                          0x20000034   Data           4  tasks.o(.data)
    uxSchedulerSuspended                     0x20000038   Data           4  tasks.o(.data)
    .data                                    0x2000003c   Section       20  timers.o(.data)
    pxCurrentTimerList                       0x2000003c   Data           4  timers.o(.data)
    pxOverflowTimerList                      0x20000040   Data           4  timers.o(.data)
    xTimerQueue                              0x20000044   Data           4  timers.o(.data)
    xTimerTaskHandle                         0x20000048   Data           4  timers.o(.data)
    xLastTime                                0x2000004c   Data           4  timers.o(.data)
    .data                                    0x20000050   Section       24  heap_4.o(.data)
    xStart                                   0x20000050   Data           8  heap_4.o(.data)
    pxEnd                                    0x20000058   Data           4  heap_4.o(.data)
    xFreeBytesRemaining                      0x2000005c   Data           4  heap_4.o(.data)
    xMinimumEverFreeBytesRemaining           0x20000060   Data           4  heap_4.o(.data)
    xBlockAllocatedBit                       0x20000064   Data           4  heap_4.o(.data)
    .data                                    0x20000068   Section       12  port.o(.data)
    uxCriticalNesting                        0x20000068   Data           4  port.o(.data)
    ucMaxSysCallPriority                     0x2000006c   Data           1  port.o(.data)
    ulMaxPRIGROUPValue                       0x20000070   Data           4  port.o(.data)
    .data                                    0x20000074   Section       16  stm32f4xx_rcc.o(.data)
    APBAHBPrescTable                         0x20000074   Data          16  stm32f4xx_rcc.o(.data)
    .data                                    0x20000084   Section       20  main.o(.data)
    .data                                    0x20000098   Section       20  system_stm32f4xx.o(.data)
    .data                                    0x200000ac   Section       40  start_task.o(.data)
    .data                                    0x200000d4   Section       28  pid_caculate_task.o(.data)
    xLastWakeTime_PidCaculateTask            0x200000ec   Data           4  pid_caculate_task.o(.data)
    .data                                    0x200000f0   Section        4  mecanum_task.o(.data)
    xLastWakeTime_MecanumTask                0x200000f0   Data           4  mecanum_task.o(.data)
    .data                                    0x200000f4   Section       20  gimbal_task.o(.data)
    xLastWakeTime_MecanumTask                0x20000104   Data           4  gimbal_task.o(.data)
    .data                                    0x20000108   Section       24  bmi_task.o(.data)
    xLastWakeTime_bmiTask                    0x2000011c   Data           4  bmi_task.o(.data)
    .data                                    0x20000120   Section        4  delay.o(.data)
    fac_us                                   0x20000120   Data           1  delay.o(.data)
    fac_ms                                   0x20000122   Data           2  delay.o(.data)
    .data                                    0x20000124   Section        4  dbus.o(.data)
    this_time_rx_len                         0x20000124   Data           4  dbus.o(.data)
    .data                                    0x20000128   Section       10  bsp_protocol.o(.data)
    pro                                      0x20000128   Data           8  bsp_protocol.o(.data)
    date_length                              0x20000130   Data           2  bsp_protocol.o(.data)
    .data                                    0x20000132   Section        1  bsp_crc16.o(.data)
    crc_tab16_init                           0x20000132   Data           1  bsp_crc16.o(.data)
    .data                                    0x20000133   Section      256  bsp_crc8.o(.data)
    sht75_crc_table                          0x20000133   Data         256  bsp_crc8.o(.data)
    .data                                    0x20000234   Section       44  gimbal.o(.data)
    .data                                    0x20000260   Section        4  errno.o(.data)
    _errno                                   0x20000260   Data           4  errno.o(.data)
    .bss                                     0x20000264   Section       64  queue.o(.bss)
    .bss                                     0x200002a4   Section      740  tasks.o(.bss)
    pxReadyTasksLists                        0x200002a4   Data         640  tasks.o(.bss)
    xDelayedTaskList1                        0x20000524   Data          20  tasks.o(.bss)
    xDelayedTaskList2                        0x20000538   Data          20  tasks.o(.bss)
    xPendingReadyList                        0x2000054c   Data          20  tasks.o(.bss)
    xTasksWaitingTermination                 0x20000560   Data          20  tasks.o(.bss)
    xSuspendedTaskList                       0x20000574   Data          20  tasks.o(.bss)
    .bss                                     0x20000588   Section       40  timers.o(.bss)
    xActiveTimerList1                        0x20000588   Data          20  timers.o(.bss)
    xActiveTimerList2                        0x2000059c   Data          20  timers.o(.bss)
    .bss                                     0x200005b0   Section    76800  heap_4.o(.bss)
    ucHeap                                   0x200005b0   Data       76800  heap_4.o(.bss)
    .bss                                     0x200131b0   Section       16  pid_caculate_task.o(.bss)
    .bss                                     0x200131c0   Section     1092  bmi_task.o(.bss)
    .bss                                     0x20013604   Section       58  dbus.o(.bss)
    .bss                                     0x20013640   Section      188  can.o(.bss)
    .bss                                     0x200136fc   Section       16  mecanum.o(.bss)
    .bss                                     0x2001370c   Section      512  bsp_crc16.o(.bss)
    crc_tab16                                0x2001370c   Data         512  bsp_crc16.o(.bss)
    .bss                                     0x2001390c   Section      728  data_stream.o(.bss)
    .bss                                     0x20013be4   Section      896  pid.o(.bss)
    STACK                                    0x20013f68   Section     1024  startup_stm32f427_437xx.o(STACK)

    Global Symbols

    Symbol Name                              Value     Ov Type        Size  Object(Section)

    BuildAttributes$$THM_ISAv4$E$P$D$K$B$S$7EM$VFPi3$EXTD16$VFPS$VFMA$PE$A:L22UL41UL21$X:L11$S22US41US21$IEEE1$IW$USESV6$~STKCKD$USESV7$~SHL$OTIME$ROPI$IEEEX$EBA8$MICROLIB$REQ8$PRES8$EABIv2 0x00000000   Number         0  anon$$obj.o ABSOLUTE
    __ARM_use_no_argv                        0x00000000   Number         0  main.o ABSOLUTE
    __cpp_initialize__aeabi_                  - Undefined Weak Reference
    __cxa_finalize                            - Undefined Weak Reference
    _clock_init                               - Undefined Weak Reference
    _microlib_exit                            - Undefined Weak Reference
    __Vectors_Size                           0x000001ac   Number         0  startup_stm32f427_437xx.o ABSOLUTE
    __Vectors                                0x08000000   Data           4  startup_stm32f427_437xx.o(RESET)
    __Vectors_End                            0x080001ac   Data           0  startup_stm32f427_437xx.o(RESET)
    __main                                   0x080001ad   Thumb Code     0  entry.o(.ARM.Collect$$$$00000000)
    _main_stk                                0x080001ad   Thumb Code     0  entry2.o(.ARM.Collect$$$$00000001)
    _main_scatterload                        0x080001b1   Thumb Code     0  entry5.o(.ARM.Collect$$$$00000004)
    __main_after_scatterload                 0x080001b5   Thumb Code     0  entry5.o(.ARM.Collect$$$$00000004)
    _main_clock                              0x080001b5   Thumb Code     0  entry7b.o(.ARM.Collect$$$$00000008)
    _main_cpp_init                           0x080001b5   Thumb Code     0  entry8b.o(.ARM.Collect$$$$0000000A)
    _main_init                               0x080001b5   Thumb Code     0  entry9a.o(.ARM.Collect$$$$0000000B)
    __rt_final_cpp                           0x080001bd   Thumb Code     0  entry10a.o(.ARM.Collect$$$$0000000D)
    __rt_final_exit                          0x080001bd   Thumb Code     0  entry11a.o(.ARM.Collect$$$$0000000F)
    SVC_Handler                              0x080001c1   Thumb Code    28  port.o(.emb_text)
    __asm___6_port_c_39a90d8d__prvStartFirstTask 0x080001e1   Thumb Code    36  port.o(.emb_text)
    __asm___6_port_c_39a90d8d__prvEnableVFP  0x08000209   Thumb Code    16  port.o(.emb_text)
    PendSV_Handler                           0x0800021d   Thumb Code    88  port.o(.emb_text)
    vPortGetIPSR                             0x08000279   Thumb Code     6  port.o(.emb_text)
    Reset_Handler                            0x08000281   Thumb Code     8  startup_stm32f427_437xx.o(.text)
    ADC_IRQHandler                           0x0800029b   Thumb Code     0  startup_stm32f427_437xx.o(.text)
    CAN1_RX1_IRQHandler                      0x0800029b   Thumb Code     0  startup_stm32f427_437xx.o(.text)
    CAN1_SCE_IRQHandler                      0x0800029b   Thumb Code     0  startup_stm32f427_437xx.o(.text)
    CAN1_TX_IRQHandler                       0x0800029b   Thumb Code     0  startup_stm32f427_437xx.o(.text)
    CAN2_RX0_IRQHandler                      0x0800029b   Thumb Code     0  startup_stm32f427_437xx.o(.text)
    CAN2_RX1_IRQHandler                      0x0800029b   Thumb Code     0  startup_stm32f427_437xx.o(.text)
    CAN2_SCE_IRQHandler                      0x0800029b   Thumb Code     0  startup_stm32f427_437xx.o(.text)
    CAN2_TX_IRQHandler                       0x0800029b   Thumb Code     0  startup_stm32f427_437xx.o(.text)
    CRYP_IRQHandler                          0x0800029b   Thumb Code     0  startup_stm32f427_437xx.o(.text)
    DCMI_IRQHandler                          0x0800029b   Thumb Code     0  startup_stm32f427_437xx.o(.text)
    DMA1_Stream0_IRQHandler                  0x0800029b   Thumb Code     0  startup_stm32f427_437xx.o(.text)
    DMA1_Stream1_IRQHandler                  0x0800029b   Thumb Code     0  startup_stm32f427_437xx.o(.text)
    DMA1_Stream2_IRQHandler                  0x0800029b   Thumb Code     0  startup_stm32f427_437xx.o(.text)
    DMA1_Stream3_IRQHandler                  0x0800029b   Thumb Code     0  startup_stm32f427_437xx.o(.text)
    DMA1_Stream4_IRQHandler                  0x0800029b   Thumb Code     0  startup_stm32f427_437xx.o(.text)
    DMA1_Stream5_IRQHandler                  0x0800029b   Thumb Code     0  startup_stm32f427_437xx.o(.text)
    DMA1_Stream6_IRQHandler                  0x0800029b   Thumb Code     0  startup_stm32f427_437xx.o(.text)
    DMA1_Stream7_IRQHandler                  0x0800029b   Thumb Code     0  startup_stm32f427_437xx.o(.text)
    DMA2D_IRQHandler                         0x0800029b   Thumb Code     0  startup_stm32f427_437xx.o(.text)
    DMA2_Stream0_IRQHandler                  0x0800029b   Thumb Code     0  startup_stm32f427_437xx.o(.text)
    DMA2_Stream1_IRQHandler                  0x0800029b   Thumb Code     0  startup_stm32f427_437xx.o(.text)
    DMA2_Stream2_IRQHandler                  0x0800029b   Thumb Code     0  startup_stm32f427_437xx.o(.text)
    DMA2_Stream3_IRQHandler                  0x0800029b   Thumb Code     0  startup_stm32f427_437xx.o(.text)
    DMA2_Stream4_IRQHandler                  0x0800029b   Thumb Code     0  startup_stm32f427_437xx.o(.text)
    DMA2_Stream5_IRQHandler                  0x0800029b   Thumb Code     0  startup_stm32f427_437xx.o(.text)
    DMA2_Stream6_IRQHandler                  0x0800029b   Thumb Code     0  startup_stm32f427_437xx.o(.text)
    DMA2_Stream7_IRQHandler                  0x0800029b   Thumb Code     0  startup_stm32f427_437xx.o(.text)
    ETH_IRQHandler                           0x0800029b   Thumb Code     0  startup_stm32f427_437xx.o(.text)
    ETH_WKUP_IRQHandler                      0x0800029b   Thumb Code     0  startup_stm32f427_437xx.o(.text)
    EXTI0_IRQHandler                         0x0800029b   Thumb Code     0  startup_stm32f427_437xx.o(.text)
    EXTI15_10_IRQHandler                     0x0800029b   Thumb Code     0  startup_stm32f427_437xx.o(.text)
    EXTI1_IRQHandler                         0x0800029b   Thumb Code     0  startup_stm32f427_437xx.o(.text)
    EXTI2_IRQHandler                         0x0800029b   Thumb Code     0  startup_stm32f427_437xx.o(.text)
    EXTI3_IRQHandler                         0x0800029b   Thumb Code     0  startup_stm32f427_437xx.o(.text)
    EXTI4_IRQHandler                         0x0800029b   Thumb Code     0  startup_stm32f427_437xx.o(.text)
    EXTI9_5_IRQHandler                       0x0800029b   Thumb Code     0  startup_stm32f427_437xx.o(.text)
    FLASH_IRQHandler                         0x0800029b   Thumb Code     0  startup_stm32f427_437xx.o(.text)
    FMC_IRQHandler                           0x0800029b   Thumb Code     0  startup_stm32f427_437xx.o(.text)
    FPU_IRQHandler                           0x0800029b   Thumb Code     0  startup_stm32f427_437xx.o(.text)
    HASH_RNG_IRQHandler                      0x0800029b   Thumb Code     0  startup_stm32f427_437xx.o(.text)
    I2C1_ER_IRQHandler                       0x0800029b   Thumb Code     0  startup_stm32f427_437xx.o(.text)
    I2C1_EV_IRQHandler                       0x0800029b   Thumb Code     0  startup_stm32f427_437xx.o(.text)
    I2C2_ER_IRQHandler                       0x0800029b   Thumb Code     0  startup_stm32f427_437xx.o(.text)
    I2C2_EV_IRQHandler                       0x0800029b   Thumb Code     0  startup_stm32f427_437xx.o(.text)
    I2C3_ER_IRQHandler                       0x0800029b   Thumb Code     0  startup_stm32f427_437xx.o(.text)
    I2C3_EV_IRQHandler                       0x0800029b   Thumb Code     0  startup_stm32f427_437xx.o(.text)
    OTG_FS_IRQHandler                        0x0800029b   Thumb Code     0  startup_stm32f427_437xx.o(.text)
    OTG_FS_WKUP_IRQHandler                   0x0800029b   Thumb Code     0  startup_stm32f427_437xx.o(.text)
    OTG_HS_EP1_IN_IRQHandler                 0x0800029b   Thumb Code     0  startup_stm32f427_437xx.o(.text)
    OTG_HS_EP1_OUT_IRQHandler                0x0800029b   Thumb Code     0  startup_stm32f427_437xx.o(.text)
    OTG_HS_IRQHandler                        0x0800029b   Thumb Code     0  startup_stm32f427_437xx.o(.text)
    OTG_HS_WKUP_IRQHandler                   0x0800029b   Thumb Code     0  startup_stm32f427_437xx.o(.text)
    PVD_IRQHandler                           0x0800029b   Thumb Code     0  startup_stm32f427_437xx.o(.text)
    RCC_IRQHandler                           0x0800029b   Thumb Code     0  startup_stm32f427_437xx.o(.text)
    RTC_Alarm_IRQHandler                     0x0800029b   Thumb Code     0  startup_stm32f427_437xx.o(.text)
    RTC_WKUP_IRQHandler                      0x0800029b   Thumb Code     0  startup_stm32f427_437xx.o(.text)
    SAI1_IRQHandler                          0x0800029b   Thumb Code     0  startup_stm32f427_437xx.o(.text)
    SDIO_IRQHandler                          0x0800029b   Thumb Code     0  startup_stm32f427_437xx.o(.text)
    SPI1_IRQHandler                          0x0800029b   Thumb Code     0  startup_stm32f427_437xx.o(.text)
    SPI2_IRQHandler                          0x0800029b   Thumb Code     0  startup_stm32f427_437xx.o(.text)
    SPI3_IRQHandler                          0x0800029b   Thumb Code     0  startup_stm32f427_437xx.o(.text)
    SPI4_IRQHandler                          0x0800029b   Thumb Code     0  startup_stm32f427_437xx.o(.text)
    SPI5_IRQHandler                          0x0800029b   Thumb Code     0  startup_stm32f427_437xx.o(.text)
    SPI6_IRQHandler                          0x0800029b   Thumb Code     0  startup_stm32f427_437xx.o(.text)
    TAMP_STAMP_IRQHandler                    0x0800029b   Thumb Code     0  startup_stm32f427_437xx.o(.text)
    TIM1_BRK_TIM9_IRQHandler                 0x0800029b   Thumb Code     0  startup_stm32f427_437xx.o(.text)
    TIM1_CC_IRQHandler                       0x0800029b   Thumb Code     0  startup_stm32f427_437xx.o(.text)
    TIM1_TRG_COM_TIM11_IRQHandler            0x0800029b   Thumb Code     0  startup_stm32f427_437xx.o(.text)
    TIM1_UP_TIM10_IRQHandler                 0x0800029b   Thumb Code     0  startup_stm32f427_437xx.o(.text)
    TIM2_IRQHandler                          0x0800029b   Thumb Code     0  startup_stm32f427_437xx.o(.text)
    TIM3_IRQHandler                          0x0800029b   Thumb Code     0  startup_stm32f427_437xx.o(.text)
    TIM4_IRQHandler                          0x0800029b   Thumb Code     0  startup_stm32f427_437xx.o(.text)
    TIM5_IRQHandler                          0x0800029b   Thumb Code     0  startup_stm32f427_437xx.o(.text)
    TIM6_DAC_IRQHandler                      0x0800029b   Thumb Code     0  startup_stm32f427_437xx.o(.text)
    TIM7_IRQHandler                          0x0800029b   Thumb Code     0  startup_stm32f427_437xx.o(.text)
    TIM8_BRK_TIM12_IRQHandler                0x0800029b   Thumb Code     0  startup_stm32f427_437xx.o(.text)
    TIM8_CC_IRQHandler                       0x0800029b   Thumb Code     0  startup_stm32f427_437xx.o(.text)
    TIM8_TRG_COM_TIM14_IRQHandler            0x0800029b   Thumb Code     0  startup_stm32f427_437xx.o(.text)
    TIM8_UP_TIM13_IRQHandler                 0x0800029b   Thumb Code     0  startup_stm32f427_437xx.o(.text)
    UART4_IRQHandler                         0x0800029b   Thumb Code     0  startup_stm32f427_437xx.o(.text)
    UART5_IRQHandler                         0x0800029b   Thumb Code     0  startup_stm32f427_437xx.o(.text)
    UART7_IRQHandler                         0x0800029b   Thumb Code     0  startup_stm32f427_437xx.o(.text)
    UART8_IRQHandler                         0x0800029b   Thumb Code     0  startup_stm32f427_437xx.o(.text)
    USART2_IRQHandler                        0x0800029b   Thumb Code     0  startup_stm32f427_437xx.o(.text)
    USART3_IRQHandler                        0x0800029b   Thumb Code     0  startup_stm32f427_437xx.o(.text)
    WWDG_IRQHandler                          0x0800029b   Thumb Code     0  startup_stm32f427_437xx.o(.text)
    __aeabi_memcpy                           0x080002a5   Thumb Code    36  memcpya.o(.text)
    __aeabi_memcpy4                          0x080002a5   Thumb Code     0  memcpya.o(.text)
    __aeabi_memcpy8                          0x080002a5   Thumb Code     0  memcpya.o(.text)
    __aeabi_memset                           0x080002c9   Thumb Code    14  memseta.o(.text)
    __aeabi_memset4                          0x080002c9   Thumb Code     0  memseta.o(.text)
    __aeabi_memset8                          0x080002c9   Thumb Code     0  memseta.o(.text)
    __aeabi_memclr                           0x080002d7   Thumb Code     4  memseta.o(.text)
    __aeabi_memclr4                          0x080002d7   Thumb Code     0  memseta.o(.text)
    __aeabi_memclr8                          0x080002d7   Thumb Code     0  memseta.o(.text)
    memset                                   0x080002db   Thumb Code    18  memseta.o(.text)
    __aeabi_dadd                             0x080002ed   Thumb Code   322  dadd.o(.text)
    __aeabi_dsub                             0x0800042f   Thumb Code     6  dadd.o(.text)
    __aeabi_drsub                            0x08000435   Thumb Code     6  dadd.o(.text)
    __aeabi_dmul                             0x0800043b   Thumb Code   228  dmul.o(.text)
    __aeabi_ddiv                             0x0800051f   Thumb Code   222  ddiv.o(.text)
    __aeabi_i2d                              0x080005fd   Thumb Code    34  dflti.o(.text)
    __aeabi_d2uiz                            0x0800061f   Thumb Code    50  dfixui.o(.text)
    __aeabi_llsl                             0x08000651   Thumb Code    30  llshl.o(.text)
    _ll_shift_l                              0x08000651   Thumb Code     0  llshl.o(.text)
    __aeabi_llsr                             0x0800066f   Thumb Code    32  llushr.o(.text)
    _ll_ushift_r                             0x0800066f   Thumb Code     0  llushr.o(.text)
    __aeabi_lasr                             0x0800068f   Thumb Code    36  llsshr.o(.text)
    _ll_sshift_r                             0x0800068f   Thumb Code     0  llsshr.o(.text)
    __I$use$fp                               0x080006b3   Thumb Code     0  iusefp.o(.text)
    _double_round                            0x080006b3   Thumb Code    30  depilogue.o(.text)
    _double_epilogue                         0x080006d1   Thumb Code   156  depilogue.o(.text)
    __ARM_scalbn                             0x0800076d   Thumb Code    46  dscalb.o(.text)
    scalbn                                   0x0800076d   Thumb Code     0  dscalb.o(.text)
    _dsqrt                                   0x0800079b   Thumb Code   162  dsqrt.o(.text)
    __aeabi_cdrcmple                         0x0800083d   Thumb Code    48  cdrcmple.o(.text)
    __scatterload                            0x0800086d   Thumb Code    28  init.o(.text)
    __scatterload_rt2                        0x0800086d   Thumb Code     0  init.o(.text)
    __decompress                             0x08000891   Thumb Code     0  __dczerorl2.o(.text)
    __decompress1                            0x08000891   Thumb Code    86  __dczerorl2.o(.text)
    BusFault_Handler                         0x080008e7   Thumb Code     4  stm32f4xx_it.o(i.BusFault_Handler)
    CAN1_RX0_IRQHandler                      0x080008ed   Thumb Code   124  can.o(i.CAN1_RX0_IRQHandler)
    CAN_ClearFlag                            0x0800097d   Thumb Code    52  stm32f4xx_can.o(i.CAN_ClearFlag)
    CAN_ClearITPendingBit                    0x080009b5   Thumb Code   162  stm32f4xx_can.o(i.CAN_ClearITPendingBit)
    CAN_FilterInit                           0x08000a5d   Thumb Code   258  stm32f4xx_can.o(i.CAN_FilterInit)
    CAN_GetITStatus                          0x08000b65   Thumb Code   284  stm32f4xx_can.o(i.CAN_GetITStatus)
    CAN_ITConfig                             0x08000c85   Thumb Code    18  stm32f4xx_can.o(i.CAN_ITConfig)
    CAN_Init                                 0x08000c97   Thumb Code   276  stm32f4xx_can.o(i.CAN_Init)
    CAN_Receive                              0x08000dab   Thumb Code   240  stm32f4xx_can.o(i.CAN_Receive)
    CAN_Transmit                             0x08000e9b   Thumb Code   294  stm32f4xx_can.o(i.CAN_Transmit)
    CRC16_Check_Sum                          0x08000fc1   Thumb Code    56  bsp_protocol.o(i.CRC16_Check_Sum)
    CRC8_Check_Sum                           0x08000ff9   Thumb Code    46  bsp_protocol.o(i.CRC8_Check_Sum)
    CollectData_BMI                          0x08001039   Thumb Code    26  bmi_task.o(i.CollectData_BMI)
    CollectData_CAN                          0x0800105d   Thumb Code   132  can.o(i.CollectData_CAN)
    CollectData_DBUS                         0x080010ed   Thumb Code    74  dbus.o(i.CollectData_DBUS)
    CollectData_Mecanum                      0x08001141   Thumb Code    50  mecanum.o(i.CollectData_Mecanum)
    DMA_Cmd                                  0x0800117d   Thumb Code    22  stm32f4xx_dma.o(i.DMA_Cmd)
    DMA_DeInit                               0x08001195   Thumb Code   324  stm32f4xx_dma.o(i.DMA_DeInit)
    DMA_DoubleBufferModeCmd                  0x080012ed   Thumb Code    22  stm32f4xx_dma.o(i.DMA_DoubleBufferModeCmd)
    DMA_DoubleBufferModeConfig               0x08001303   Thumb Code    24  stm32f4xx_dma.o(i.DMA_DoubleBufferModeConfig)
    DMA_GetCmdStatus                         0x0800131b   Thumb Code    20  stm32f4xx_dma.o(i.DMA_GetCmdStatus)
    DMA_GetCurrDataCounter                   0x0800132f   Thumb Code     8  stm32f4xx_dma.o(i.DMA_GetCurrDataCounter)
    DMA_GetCurrentMemoryTarget               0x08001337   Thumb Code    20  stm32f4xx_dma.o(i.DMA_GetCurrentMemoryTarget)
    DMA_Init                                 0x0800134d   Thumb Code    82  stm32f4xx_dma.o(i.DMA_Init)
    DebugMon_Handler                         0x080013a5   Thumb Code     2  stm32f4xx_it.o(i.DebugMon_Handler)
    GPIO_Init                                0x080013a7   Thumb Code   144  stm32f4xx_gpio.o(i.GPIO_Init)
    GPIO_PinAFConfig                         0x08001437   Thumb Code    70  stm32f4xx_gpio.o(i.GPIO_PinAFConfig)
    GPIO_ResetBits                           0x0800147d   Thumb Code     4  stm32f4xx_gpio.o(i.GPIO_ResetBits)
    GPIO_SetBits                             0x08001481   Thumb Code     4  stm32f4xx_gpio.o(i.GPIO_SetBits)
    GPIO_WriteBit                            0x08001485   Thumb Code    10  stm32f4xx_gpio.o(i.GPIO_WriteBit)
    Get_CRC16_Check                          0x0800148f   Thumb Code    16  bsp_protocol.o(i.Get_CRC16_Check)
    Get_CRC8_Check                           0x0800149f   Thumb Code    16  bsp_protocol.o(i.Get_CRC8_Check)
    HardFault_Handler                        0x080014af   Thumb Code     4  stm32f4xx_it.o(i.HardFault_Handler)
    MemManage_Handler                        0x080014b3   Thumb Code     4  stm32f4xx_it.o(i.MemManage_Handler)
    NMI_Handler                              0x080014b7   Thumb Code     2  stm32f4xx_it.o(i.NMI_Handler)
    NVIC_Init                                0x080014b9   Thumb Code   106  misc.o(i.NVIC_Init)
    PROTOCOL_RX_IRQ                          0x08001531   Thumb Code    22  bsp_protocol.o(i.PROTOCOL_RX_IRQ)
    PWM4_init                                0x08001549   Thumb Code   230  pwm.o(i.PWM4_init)
    RCC_AHB1PeriphClockCmd                   0x08001639   Thumb Code    26  stm32f4xx_rcc.o(i.RCC_AHB1PeriphClockCmd)
    RCC_APB1PeriphClockCmd                   0x08001659   Thumb Code    26  stm32f4xx_rcc.o(i.RCC_APB1PeriphClockCmd)
    RCC_APB2PeriphClockCmd                   0x08001679   Thumb Code    26  stm32f4xx_rcc.o(i.RCC_APB2PeriphClockCmd)
    RCC_GetClocksFreq                        0x08001699   Thumb Code   214  stm32f4xx_rcc.o(i.RCC_GetClocksFreq)
    RC_Init                                  0x08001781   Thumb Code   330  dbus.o(i.RC_Init)
    RemoteDataProcess                        0x080018e5   Thumb Code   168  dbus.o(i.RemoteDataProcess)
    SetAngles                                0x08001995   Thumb Code    12  gimbal.o(i.SetAngles)
    SysTick_CLKSourceConfig                  0x08001ac5   Thumb Code    40  misc.o(i.SysTick_CLKSourceConfig)
    SysTick_Handler                          0x08001aed   Thumb Code    16  delay.o(i.SysTick_Handler)
    SystemInit                               0x08001afd   Thumb Code    88  system_stm32f4xx.o(i.SystemInit)
    TIM_ARRPreloadConfig                     0x08001b65   Thumb Code    24  stm32f4xx_tim.o(i.TIM_ARRPreloadConfig)
    TIM_Cmd                                  0x08001b7d   Thumb Code    24  stm32f4xx_tim.o(i.TIM_Cmd)
    TIM_OC1Init                              0x08001b95   Thumb Code   114  stm32f4xx_tim.o(i.TIM_OC1Init)
    TIM_OC1PreloadConfig                     0x08001c11   Thumb Code    18  stm32f4xx_tim.o(i.TIM_OC1PreloadConfig)
    TIM_OC2Init                              0x08001c25   Thumb Code   154  stm32f4xx_tim.o(i.TIM_OC2Init)
    TIM_OC2PreloadConfig                     0x08001cc9   Thumb Code    26  stm32f4xx_tim.o(i.TIM_OC2PreloadConfig)
    TIM_OC3Init                              0x08001ce5   Thumb Code   150  stm32f4xx_tim.o(i.TIM_OC3Init)
    TIM_OC3PreloadConfig                     0x08001d85   Thumb Code    18  stm32f4xx_tim.o(i.TIM_OC3PreloadConfig)
    TIM_OC4Init                              0x08001d99   Thumb Code   112  stm32f4xx_tim.o(i.TIM_OC4Init)
    TIM_OC4PreloadConfig                     0x08001e11   Thumb Code    26  stm32f4xx_tim.o(i.TIM_OC4PreloadConfig)
    TIM_SetCompare1                          0x08001e2b   Thumb Code     4  stm32f4xx_tim.o(i.TIM_SetCompare1)
    TIM_SetCompare2                          0x08001e2f   Thumb Code     4  stm32f4xx_tim.o(i.TIM_SetCompare2)
    TIM_SetCompare3                          0x08001e33   Thumb Code     4  stm32f4xx_tim.o(i.TIM_SetCompare3)
    TIM_SetCompare4                          0x08001e37   Thumb Code     4  stm32f4xx_tim.o(i.TIM_SetCompare4)
    TIM_TimeBaseInit                         0x08001e3d   Thumb Code   104  stm32f4xx_tim.o(i.TIM_TimeBaseInit)
    UART8_init                               0x08001ec1   Thumb Code   144  usart.o(i.UART8_init)
    USART1_IRQHandler                        0x08001f59   Thumb Code   166  dbus.o(i.USART1_IRQHandler)
    USART6_IRQHandler                        0x08002011   Thumb Code    54  bmi_task.o(i.USART6_IRQHandler)
    USART6_init                              0x08002051   Thumb Code   160  usart.o(i.USART6_init)
    USART_ClearFlag                          0x080020f9   Thumb Code    18  stm32f4xx_usart.o(i.USART_ClearFlag)
    USART_ClearITPendingBit                  0x0800210b   Thumb Code    30  stm32f4xx_usart.o(i.USART_ClearITPendingBit)
    USART_Cmd                                0x08002129   Thumb Code    24  stm32f4xx_usart.o(i.USART_Cmd)
    USART_DMACmd                             0x08002141   Thumb Code    18  stm32f4xx_usart.o(i.USART_DMACmd)
    USART_GetFlagStatus                      0x08002153   Thumb Code    26  stm32f4xx_usart.o(i.USART_GetFlagStatus)
    USART_GetITStatus                        0x0800216d   Thumb Code    84  stm32f4xx_usart.o(i.USART_GetITStatus)
    USART_ITConfig                           0x080021c1   Thumb Code    74  stm32f4xx_usart.o(i.USART_ITConfig)
    USART_Init                               0x0800220d   Thumb Code   204  stm32f4xx_usart.o(i.USART_Init)
    USART_ReceiveData                        0x080022e1   Thumb Code    10  stm32f4xx_usart.o(i.USART_ReceiveData)
    USART_SendData                           0x080022eb   Thumb Code     8  stm32f4xx_usart.o(i.USART_SendData)
    USART_sendFloat                          0x080022f5   Thumb Code    62  usart.o(i.USART_sendFloat)
    UsageFault_Handler                       0x08002339   Thumb Code     4  stm32f4xx_it.o(i.UsageFault_Handler)
    __ARM_fpclassify                         0x0800233d   Thumb Code    48  fpclassify.o(i.__ARM_fpclassify)
    __hardfp_pow                             0x08002371   Thumb Code  3072  pow.o(i.__hardfp_pow)
    __kernel_poly                            0x08002fc1   Thumb Code   248  poly.o(i.__kernel_poly)
    __mathlib_dbl_divzero                    0x080030b9   Thumb Code    28  dunder.o(i.__mathlib_dbl_divzero)
    __mathlib_dbl_infnan2                    0x080030e9   Thumb Code    20  dunder.o(i.__mathlib_dbl_infnan2)
    __mathlib_dbl_invalid                    0x08003101   Thumb Code    24  dunder.o(i.__mathlib_dbl_invalid)
    __mathlib_dbl_overflow                   0x08003121   Thumb Code    24  dunder.o(i.__mathlib_dbl_overflow)
    __mathlib_dbl_underflow                  0x08003141   Thumb Code    24  dunder.o(i.__mathlib_dbl_underflow)
    __scatterload_copy                       0x08003161   Thumb Code    14  handlers.o(i.__scatterload_copy)
    __scatterload_null                       0x0800316f   Thumb Code     2  handlers.o(i.__scatterload_null)
    __scatterload_zeroinit                   0x08003171   Thumb Code    14  handlers.o(i.__scatterload_zeroinit)
    __set_errno                              0x08003181   Thumb Code     6  errno.o(i.__set_errno)
    bmi_task                                 0x0800318d   Thumb Code   198  bmi_task.o(i.bmi_task)
    can1_init                                0x0800327d   Thumb Code   244  can.o(i.can1_init)
    crc_16                                   0x08003379   Thumb Code    62  bsp_crc16.o(i.crc_16)
    crc_8                                    0x080033c1   Thumb Code    36  bsp_crc8.o(i.crc_8)
    create_start_task                        0x080033e9   Thumb Code    24  start_task.o(i.create_start_task)
    delay_init                               0x08003415   Thumb Code    58  delay.o(i.delay_init)
    delay_ms                                 0x08003459   Thumb Code    60  delay.o(i.delay_ms)
    delay_us                                 0x08003499   Thumb Code    68  delay.o(i.delay_us)
    fabs                                     0x080034e1   Thumb Code    24  fabs.o(i.fabs)
    firstOrderFilter_caculate                0x080034f9   Thumb Code    84  filters.o(i.firstOrderFilter_caculate)
    firstOrderFilter_init                    0x0800354d   Thumb Code    34  filters.o(i.firstOrderFilter_init)
    float_protocol                           0x08003575   Thumb Code    32  bsp_protocol.o(i.float_protocol)
    get_protocol_info                        0x08003595   Thumb Code   144  bsp_protocol.o(i.get_protocol_info)
    gimbal_task                              0x0800362d   Thumb Code   148  gimbal_task.o(i.gimbal_task)
    init_all                                 0x080036dd   Thumb Code    60  init.o(i.init_all)
    init_crc16_tab                           0x0800372d   Thumb Code    68  bsp_crc16.o(i.init_crc16_tab)
    ledX_Clear                               0x08003779   Thumb Code    24  led.o(i.ledX_Clear)
    ledX_Off                                 0x08003799   Thumb Code   106  led.o(i.ledX_Off)
    ledX_On                                  0x08003815   Thumb Code    12  led.o(i.ledX_On)
    ledX_init                                0x08003821   Thumb Code   100  led.o(i.ledX_init)
    ledX_light                               0x0800388d   Thumb Code   106  led.o(i.ledX_light)
    main                                     0x08003909   Thumb Code    66  main.o(i.main)
    meanFilter_init                          0x08003955   Thumb Code     8  filters.o(i.meanFilter_init)
    mecanum_task                             0x0800395d   Thumb Code    30  mecanum_task.o(i.mecanum_task)
    moto_infomation_process                  0x08003981   Thumb Code   232  can.o(i.moto_infomation_process)
    pid_abs_limit                            0x08003a79   Thumb Code    46  pid.o(i.pid_abs_limit)
    pid_caculate_delta                       0x08003aa7   Thumb Code   210  pid.o(i.pid_caculate_delta)
    pid_caculate_init                        0x08003b79   Thumb Code   258  pid_caculate_task.o(i.pid_caculate_init)
    pid_caculate_task                        0x08003cb5   Thumb Code   238  pid_caculate_task.o(i.pid_caculate_task)
    pid_init                                 0x08003dc9   Thumb Code   110  pid.o(i.pid_init)
    power_init                               0x08003e3d   Thumb Code   116  can.o(i.power_init)
    protocol_heade_Check                     0x08003eb5   Thumb Code    66  bsp_protocol.o(i.protocol_heade_Check)
    protocol_rx_irq_usart6                   0x08003ef9   Thumb Code    30  bmi_task.o(i.protocol_rx_irq_usart6)
    pvPortMalloc                             0x080048e9   Thumb Code   296  heap_4.o(i.pvPortMalloc)
    pxPortInitialiseStack                    0x08004a25   Thumb Code    38  port.o(i.pxPortInitialiseStack)
    sendD                                    0x08004a51   Thumb Code    28  usart.o(i.sendD)
    set_2006_current                         0x08004a71   Thumb Code    66  can.o(i.set_2006_current)
    set_3508_current                         0x08004ab9   Thumb Code    94  can.o(i.set_3508_current)
    shoot_task                               0x08004b1d   Thumb Code   158  shoot_task.o(i.shoot_task)
    sqrt                                     0x08004bc5   Thumb Code   110  sqrt.o(i.sqrt)
    start_task                               0x08004c35   Thumb Code   164  start_task.o(i.start_task)
    test_task                                0x08004d75   Thumb Code    32  start_task.o(i.test_task)
    usart_task                               0x08004d95   Thumb Code    36  start_task.o(i.usart_task)
    uxListRemove                             0x08004dc1   Thumb Code    40  list.o(i.uxListRemove)
    vListInitialise                          0x08004de9   Thumb Code    26  list.o(i.vListInitialise)
    vListInitialiseItem                      0x08004e03   Thumb Code     6  list.o(i.vListInitialiseItem)
    vListInsert                              0x08004e09   Thumb Code    52  list.o(i.vListInsert)
    vListInsertEnd                           0x08004e3d   Thumb Code    24  list.o(i.vListInsertEnd)
    vPortEnterCritical                       0x08004e55   Thumb Code    76  port.o(i.vPortEnterCritical)
    vPortExitCritical                        0x08004ea9   Thumb Code    56  port.o(i.vPortExitCritical)
    vPortFree                                0x08004ee5   Thumb Code   140  heap_4.o(i.vPortFree)
    vPortSetupTimerInterrupt                 0x08004f79   Thumb Code    36  port.o(i.vPortSetupTimerInterrupt)
    vPortValidateInterruptPriority           0x08004fa1   Thumb Code   106  port.o(i.vPortValidateInterruptPriority)
    vQueueAddToRegistry                      0x08005019   Thumb Code    38  queue.o(i.vQueueAddToRegistry)
    vQueueWaitForMessageRestricted           0x08005045   Thumb Code    74  queue.o(i.vQueueWaitForMessageRestricted)
    vTaskDelay                               0x08005091   Thumb Code    82  tasks.o(i.vTaskDelay)
    vTaskDelayUntil                          0x080050ed   Thumb Code   200  tasks.o(i.vTaskDelayUntil)
    vTaskDelete                              0x080051c1   Thumb Code   202  tasks.o(i.vTaskDelete)
    vTaskInternalSetTimeOutState             0x080052b5   Thumb Code    14  tasks.o(i.vTaskInternalSetTimeOutState)
    vTaskMissedYield                         0x080052cd   Thumb Code     8  tasks.o(i.vTaskMissedYield)
    vTaskPlaceOnEventList                    0x080052d9   Thumb Code    52  tasks.o(i.vTaskPlaceOnEventList)
    vTaskPlaceOnEventListRestricted          0x08005311   Thumb Code    60  tasks.o(i.vTaskPlaceOnEventListRestricted)
    vTaskStartScheduler                      0x08005351   Thumb Code   118  tasks.o(i.vTaskStartScheduler)
    vTaskSuspendAll                          0x080053e5   Thumb Code    12  tasks.o(i.vTaskSuspendAll)
    vTaskSwitchContext                       0x080053f5   Thumb Code   118  tasks.o(i.vTaskSwitchContext)
    xPortStartScheduler                      0x08005481   Thumb Code   330  port.o(i.xPortStartScheduler)
    xPortSysTickHandler                      0x080055e9   Thumb Code    46  port.o(i.xPortSysTickHandler)
    xQueueGenericCreate                      0x0800561d   Thumb Code    90  queue.o(i.xQueueGenericCreate)
    xQueueGenericReset                       0x08005679   Thumb Code   146  queue.o(i.xQueueGenericReset)
    xQueueGenericSend                        0x08005711   Thumb Code   420  queue.o(i.xQueueGenericSend)
    xQueueGenericSendFromISR                 0x080058b9   Thumb Code   248  queue.o(i.xQueueGenericSendFromISR)
    xQueueReceive                            0x080059b1   Thumb Code   356  queue.o(i.xQueueReceive)
    xTaskCheckForTimeOut                     0x08005b19   Thumb Code   132  tasks.o(i.xTaskCheckForTimeOut)
    xTaskCreate                              0x08005ba5   Thumb Code    96  tasks.o(i.xTaskCreate)
    xTaskGetSchedulerState                   0x08005c05   Thumb Code    24  tasks.o(i.xTaskGetSchedulerState)
    xTaskGetTickCount                        0x08005c25   Thumb Code     6  tasks.o(i.xTaskGetTickCount)
    xTaskIncrementTick                       0x08005c31   Thumb Code   282  tasks.o(i.xTaskIncrementTick)
    xTaskPriorityDisinherit                  0x08005d79   Thumb Code   188  tasks.o(i.xTaskPriorityDisinherit)
    xTaskRemoveFromEventList                 0x08005e41   Thumb Code   128  tasks.o(i.xTaskRemoveFromEventList)
    xTaskResumeAll                           0x08005ed9   Thumb Code   224  tasks.o(i.xTaskResumeAll)
    xTimerCreateTimerTask                    0x08005fdd   Thumb Code    66  timers.o(i.xTimerCreateTimerTask)
    xTimerGenericCommand                     0x08006035   Thumb Code   126  timers.o(i.xTimerGenericCommand)
    __mathlib_zero                           0x08006140   Data           8  qnan.o(.constdata)
    Region$$Table$$Base                      0x08006148   Number         0  anon$$obj.o(Region$$Table)
    Region$$Table$$Limit                     0x08006168   Number         0  anon$$obj.o(Region$$Table)
    pxCurrentTCB                             0x20000000   Data           4  tasks.o(.data)
    datas                                    0x20000084   Data           8  main.o(.data)
    a                                        0x2000008c   Data           4  main.o(.data)
    atest_datas                              0x20000090   Data           8  main.o(.data)
    SystemCoreClock                          0x20000098   Data           4  system_stm32f4xx.o(.data)
    AHBPrescTable                            0x2000009c   Data          16  system_stm32f4xx.o(.data)
    Start_Task_Handler                       0x200000ac   Data           4  start_task.o(.data)
    pid_caculate_Handler                     0x200000b0   Data           4  start_task.o(.data)
    mecanum_task_Handler                     0x200000b4   Data           4  start_task.o(.data)
    test_task_Handler                        0x200000b8   Data           4  start_task.o(.data)
    usart_task_Handler                       0x200000bc   Data           4  start_task.o(.data)
    shoot_task_Handler                       0x200000c0   Data           4  start_task.o(.data)
    gimbal_task_Handler                      0x200000c4   Data           4  start_task.o(.data)
    bmi_task_Handler                         0x200000c8   Data           4  start_task.o(.data)
    test_datas                               0x200000cc   Data           8  start_task.o(.data)
    FloatArray_SpeedInit                     0x200000d4   Data          12  pid_caculate_task.o(.data)
    FloatArray_CurrentInit                   0x200000e0   Data          12  pid_caculate_task.o(.data)
    Using_Delta                              0x200000f4   Data           4  gimbal_task.o(.data)
    Float_bmiDirection                       0x200000f8   Data           4  gimbal_task.o(.data)
    Float_bmiZSpeed                          0x200000fc   Data           4  gimbal_task.o(.data)
    Float_bmiDirection_lastFrame             0x20000100   Data           4  gimbal_task.o(.data)
    Res                                      0x20000108   Data           1  bmi_task.o(.data)
    usart6_rx_pos                            0x2000010a   Data           2  bmi_task.o(.data)
    rx_it_3                                  0x2000010c   Data           2  bmi_task.o(.data)
    flag_imu                                 0x2000010e   Data           2  bmi_task.o(.data)
    coefficients                             0x20000110   Data          12  bmi_task.o(.data)
    FloatArray_GimbalCoefficients_position   0x20000234   Data          12  gimbal.o(.data)
    FloatArray_GimbalCoefficients_speed      0x20000240   Data          12  gimbal.o(.data)
    FloatArray_GimbalCoefficients_current    0x2000024c   Data          12  gimbal.o(.data)
    FloatArray_SetAngle                      0x20000258   Data           8  gimbal.o(.data)
    xQueueRegistry                           0x20000264   Data          64  queue.o(.bss)
    filter2                                  0x200131b0   Data          16  pid_caculate_task.o(.bss)
    usart6_rx_buf                            0x200131c0   Data         100  bmi_task.o(.bss)
    imu_rx_data                              0x20013224   Data          80  bmi_task.o(.bss)
    s                                        0x20013274   Data          40  bmi_task.o(.bss)
    pid                                      0x2001329c   Data          64  bmi_task.o(.bss)
    filter                                   0x200132dc   Data         808  bmi_task.o(.bss)
    USART1_RX_BUF                            0x20013604   Data          38  dbus.o(.bss)
    RC_CtrlData                              0x2001362a   Data          20  dbus.o(.bss)
    moto_chassis_info                        0x20013640   Data         112  can.o(.bss)
    moto_m2006_info                          0x200136b0   Data          56  can.o(.bss)
    RxMessage                                0x200136e8   Data          20  can.o(.bss)
    aimSpeed                                 0x200136fc   Data          16  mecanum.o(.bss)
    Data_bmi                                 0x2001390c   Data          40  data_stream.o(.bss)
    Data_RC                                  0x20013934   Data          20  data_stream.o(.bss)
    Data_m3508                               0x20013948   Data         112  data_stream.o(.bss)
    Data_m6020                               0x200139b8   Data         112  data_stream.o(.bss)
    Data_m2006                               0x20013a28   Data          28  data_stream.o(.bss)
    Data_toVOFA                              0x20013a44   Data         400  data_stream.o(.bss)
    CollectData                              0x20013bd4   Data          16  data_stream.o(.bss)
    chassis_current_pid                      0x20013be4   Data         256  pid.o(.bss)
    chassis_speed_pid                        0x20013ce4   Data         256  pid.o(.bss)
    m2006_current_pid_FollowChassis          0x20013de4   Data         128  pid.o(.bss)
    m2006_speed_pid_FollowChassis            0x20013e64   Data         128  pid.o(.bss)
    m2006_position_pid_FollowChassis         0x20013ee4   Data         128  pid.o(.bss)
    __initial_sp                             0x20014368   Data           0  startup_stm32f427_437xx.o(STACK)



==============================================================================

Memory Map of the image

  Image Entry point : 0x080001ad

  Load Region LR_IROM1 (Base: 0x08000000, Size: 0x000063cc, Max: 0x00200000, ABSOLUTE, COMPRESSED[0x000062b0])

    Execution Region ER_IROM1 (Exec base: 0x08000000, Load base: 0x08000000, Size: 0x00006168, Max: 0x00200000, ABSOLUTE)

    Exec Addr    Load Addr    Size         Type   Attr      Idx    E Section Name        Object

    0x08000000   0x08000000   0x000001ac   Data   RO            3    RESET               startup_stm32f427_437xx.o
    0x080001ac   0x080001ac   0x00000000   Code   RO         7519  * .ARM.Collect$$$$00000000  mc_w.l(entry.o)
    0x080001ac   0x080001ac   0x00000004   Code   RO         7588    .ARM.Collect$$$$00000001  mc_w.l(entry2.o)
    0x080001b0   0x080001b0   0x00000004   Code   RO         7591    .ARM.Collect$$$$00000004  mc_w.l(entry5.o)
    0x080001b4   0x080001b4   0x00000000   Code   RO         7593    .ARM.Collect$$$$00000008  mc_w.l(entry7b.o)
    0x080001b4   0x080001b4   0x00000000   Code   RO         7595    .ARM.Collect$$$$0000000A  mc_w.l(entry8b.o)
    0x080001b4   0x080001b4   0x00000008   Code   RO         7596    .ARM.Collect$$$$0000000B  mc_w.l(entry9a.o)
    0x080001bc   0x080001bc   0x00000000   Code   RO         7598    .ARM.Collect$$$$0000000D  mc_w.l(entry10a.o)
    0x080001bc   0x080001bc   0x00000000   Code   RO         7600    .ARM.Collect$$$$0000000F  mc_w.l(entry11a.o)
    0x080001bc   0x080001bc   0x00000004   Code   RO         7589    .ARM.Collect$$$$00002712  mc_w.l(entry2.o)
    0x080001c0   0x080001c0   0x000000be   Code   RO         1136    .emb_text           port.o
    0x0800027e   0x0800027e   0x00000002   PAD
    0x08000280   0x08000280   0x00000024   Code   RO            4    .text               startup_stm32f427_437xx.o
    0x080002a4   0x080002a4   0x00000024   Code   RO         7522    .text               mc_w.l(memcpya.o)
    0x080002c8   0x080002c8   0x00000024   Code   RO         7526    .text               mc_w.l(memseta.o)
    0x080002ec   0x080002ec   0x0000014e   Code   RO         7530    .text               mf_w.l(dadd.o)
    0x0800043a   0x0800043a   0x000000e4   Code   RO         7532    .text               mf_w.l(dmul.o)
    0x0800051e   0x0800051e   0x000000de   Code   RO         7534    .text               mf_w.l(ddiv.o)
    0x080005fc   0x080005fc   0x00000022   Code   RO         7536    .text               mf_w.l(dflti.o)
    0x0800061e   0x0800061e   0x00000032   Code   RO         7538    .text               mf_w.l(dfixui.o)
    0x08000650   0x08000650   0x0000001e   Code   RO         7602    .text               mc_w.l(llshl.o)
    0x0800066e   0x0800066e   0x00000020   Code   RO         7604    .text               mc_w.l(llushr.o)
    0x0800068e   0x0800068e   0x00000024   Code   RO         7606    .text               mc_w.l(llsshr.o)
    0x080006b2   0x080006b2   0x00000000   Code   RO         7615    .text               mc_w.l(iusefp.o)
    0x080006b2   0x080006b2   0x000000ba   Code   RO         7618    .text               mf_w.l(depilogue.o)
    0x0800076c   0x0800076c   0x0000002e   Code   RO         7622    .text               mf_w.l(dscalb.o)
    0x0800079a   0x0800079a   0x000000a2   Code   RO         7624    .text               mf_w.l(dsqrt.o)
    0x0800083c   0x0800083c   0x00000030   Code   RO         7628    .text               mf_w.l(cdrcmple.o)
    0x0800086c   0x0800086c   0x00000024   Code   RO         7630    .text               mc_w.l(init.o)
    0x08000890   0x08000890   0x00000056   Code   RO         7640    .text               mc_w.l(__dczerorl2.o)
    0x080008e6   0x080008e6   0x00000004   Code   RO         6452    i.BusFault_Handler  stm32f4xx_it.o
    0x080008ea   0x080008ea   0x00000002   PAD
    0x080008ec   0x080008ec   0x00000090   Code   RO         7045    i.CAN1_RX0_IRQHandler  can.o
    0x0800097c   0x0800097c   0x00000038   Code   RO         1618    i.CAN_ClearFlag     stm32f4xx_can.o
    0x080009b4   0x080009b4   0x000000a8   Code   RO         1619    i.CAN_ClearITPendingBit  stm32f4xx_can.o
    0x08000a5c   0x08000a5c   0x00000108   Code   RO         1623    i.CAN_FilterInit    stm32f4xx_can.o
    0x08000b64   0x08000b64   0x00000120   Code   RO         1625    i.CAN_GetITStatus   stm32f4xx_can.o
    0x08000c84   0x08000c84   0x00000012   Code   RO         1629    i.CAN_ITConfig      stm32f4xx_can.o
    0x08000c96   0x08000c96   0x00000114   Code   RO         1630    i.CAN_Init          stm32f4xx_can.o
    0x08000daa   0x08000daa   0x000000f0   Code   RO         1633    i.CAN_Receive       stm32f4xx_can.o
    0x08000e9a   0x08000e9a   0x00000126   Code   RO         1638    i.CAN_Transmit      stm32f4xx_can.o
    0x08000fc0   0x08000fc0   0x00000038   Code   RO         7163    i.CRC16_Check_Sum   bsp_protocol.o
    0x08000ff8   0x08000ff8   0x0000002e   Code   RO         7164    i.CRC8_Check_Sum    bsp_protocol.o
    0x08001026   0x08001026   0x00000012   Code   RO         1641    i.CheckITStatus     stm32f4xx_can.o
    0x08001038   0x08001038   0x00000024   Code   RO         6771    i.CollectData_BMI   bmi_task.o
    0x0800105c   0x0800105c   0x00000090   Code   RO         7046    i.CollectData_CAN   can.o
    0x080010ec   0x080010ec   0x00000054   Code   RO         6950    i.CollectData_DBUS  dbus.o
    0x08001140   0x08001140   0x0000003c   Code   RO         7121    i.CollectData_Mecanum  mecanum.o
    0x0800117c   0x0800117c   0x00000016   Code   RO         2398    i.DMA_Cmd           stm32f4xx_dma.o
    0x08001192   0x08001192   0x00000002   PAD
    0x08001194   0x08001194   0x00000158   Code   RO         2399    i.DMA_DeInit        stm32f4xx_dma.o
    0x080012ec   0x080012ec   0x00000016   Code   RO         2400    i.DMA_DoubleBufferModeCmd  stm32f4xx_dma.o
    0x08001302   0x08001302   0x00000018   Code   RO         2401    i.DMA_DoubleBufferModeConfig  stm32f4xx_dma.o
    0x0800131a   0x0800131a   0x00000014   Code   RO         2403    i.DMA_GetCmdStatus  stm32f4xx_dma.o
    0x0800132e   0x0800132e   0x00000008   Code   RO         2404    i.DMA_GetCurrDataCounter  stm32f4xx_dma.o
    0x08001336   0x08001336   0x00000014   Code   RO         2405    i.DMA_GetCurrentMemoryTarget  stm32f4xx_dma.o
    0x0800134a   0x0800134a   0x00000002   PAD
    0x0800134c   0x0800134c   0x00000058   Code   RO         2410    i.DMA_Init          stm32f4xx_dma.o
    0x080013a4   0x080013a4   0x00000002   Code   RO         6453    i.DebugMon_Handler  stm32f4xx_it.o
    0x080013a6   0x080013a6   0x00000090   Code   RO         3243    i.GPIO_Init         stm32f4xx_gpio.o
    0x08001436   0x08001436   0x00000046   Code   RO         3244    i.GPIO_PinAFConfig  stm32f4xx_gpio.o
    0x0800147c   0x0800147c   0x00000004   Code   RO         3250    i.GPIO_ResetBits    stm32f4xx_gpio.o
    0x08001480   0x08001480   0x00000004   Code   RO         3251    i.GPIO_SetBits      stm32f4xx_gpio.o
    0x08001484   0x08001484   0x0000000a   Code   RO         3255    i.GPIO_WriteBit     stm32f4xx_gpio.o
    0x0800148e   0x0800148e   0x00000010   Code   RO         7165    i.Get_CRC16_Check   bsp_protocol.o
    0x0800149e   0x0800149e   0x00000010   Code   RO         7166    i.Get_CRC8_Check    bsp_protocol.o
    0x080014ae   0x080014ae   0x00000004   Code   RO         6454    i.HardFault_Handler  stm32f4xx_it.o
    0x080014b2   0x080014b2   0x00000004   Code   RO         6455    i.MemManage_Handler  stm32f4xx_it.o
    0x080014b6   0x080014b6   0x00000002   Code   RO         6456    i.NMI_Handler       stm32f4xx_it.o
    0x080014b8   0x080014b8   0x00000078   Code   RO         1216    i.NVIC_Init         misc.o
    0x08001530   0x08001530   0x00000016   Code   RO         7167    i.PROTOCOL_RX_IRQ   bsp_protocol.o
    0x08001546   0x08001546   0x00000002   PAD
    0x08001548   0x08001548   0x000000f0   Code   RO         7292    i.PWM4_init         pwm.o
    0x08001638   0x08001638   0x00000020   Code   RO         4181    i.RCC_AHB1PeriphClockCmd  stm32f4xx_rcc.o
    0x08001658   0x08001658   0x00000020   Code   RO         4190    i.RCC_APB1PeriphClockCmd  stm32f4xx_rcc.o
    0x08001678   0x08001678   0x00000020   Code   RO         4193    i.RCC_APB2PeriphClockCmd  stm32f4xx_rcc.o
    0x08001698   0x08001698   0x000000e8   Code   RO         4202    i.RCC_GetClocksFreq  stm32f4xx_rcc.o
    0x08001780   0x08001780   0x00000164   Code   RO         6951    i.RC_Init           dbus.o
    0x080018e4   0x080018e4   0x000000b0   Code   RO         6952    i.RemoteDataProcess  dbus.o
    0x08001994   0x08001994   0x00000010   Code   RO         7316    i.SetAngles         gimbal.o
    0x080019a4   0x080019a4   0x00000120   Code   RO         6509    i.SetSysClock       system_stm32f4xx.o
    0x08001ac4   0x08001ac4   0x00000028   Code   RO         1220    i.SysTick_CLKSourceConfig  misc.o
    0x08001aec   0x08001aec   0x00000010   Code   RO         6824    i.SysTick_Handler   delay.o
    0x08001afc   0x08001afc   0x00000068   Code   RO         6511    i.SystemInit        system_stm32f4xx.o
    0x08001b64   0x08001b64   0x00000018   Code   RO         5568    i.TIM_ARRPreloadConfig  stm32f4xx_tim.o
    0x08001b7c   0x08001b7c   0x00000018   Code   RO         5580    i.TIM_Cmd           stm32f4xx_tim.o
    0x08001b94   0x08001b94   0x0000007c   Code   RO         5609    i.TIM_OC1Init       stm32f4xx_tim.o
    0x08001c10   0x08001c10   0x00000012   Code   RO         5612    i.TIM_OC1PreloadConfig  stm32f4xx_tim.o
    0x08001c22   0x08001c22   0x00000002   PAD
    0x08001c24   0x08001c24   0x000000a4   Code   RO         5614    i.TIM_OC2Init       stm32f4xx_tim.o
    0x08001cc8   0x08001cc8   0x0000001a   Code   RO         5617    i.TIM_OC2PreloadConfig  stm32f4xx_tim.o
    0x08001ce2   0x08001ce2   0x00000002   PAD
    0x08001ce4   0x08001ce4   0x000000a0   Code   RO         5619    i.TIM_OC3Init       stm32f4xx_tim.o
    0x08001d84   0x08001d84   0x00000012   Code   RO         5622    i.TIM_OC3PreloadConfig  stm32f4xx_tim.o
    0x08001d96   0x08001d96   0x00000002   PAD
    0x08001d98   0x08001d98   0x00000078   Code   RO         5624    i.TIM_OC4Init       stm32f4xx_tim.o
    0x08001e10   0x08001e10   0x0000001a   Code   RO         5626    i.TIM_OC4PreloadConfig  stm32f4xx_tim.o
    0x08001e2a   0x08001e2a   0x00000004   Code   RO         5642    i.TIM_SetCompare1   stm32f4xx_tim.o
    0x08001e2e   0x08001e2e   0x00000004   Code   RO         5643    i.TIM_SetCompare2   stm32f4xx_tim.o
    0x08001e32   0x08001e32   0x00000004   Code   RO         5644    i.TIM_SetCompare3   stm32f4xx_tim.o
    0x08001e36   0x08001e36   0x00000004   Code   RO         5645    i.TIM_SetCompare4   stm32f4xx_tim.o
    0x08001e3a   0x08001e3a   0x00000002   PAD
    0x08001e3c   0x08001e3c   0x00000084   Code   RO         5652    i.TIM_TimeBaseInit  stm32f4xx_tim.o
    0x08001ec0   0x08001ec0   0x00000098   Code   RO         7003    i.UART8_init        usart.o
    0x08001f58   0x08001f58   0x000000b8   Code   RO         6953    i.USART1_IRQHandler  dbus.o
    0x08002010   0x08002010   0x00000040   Code   RO         6772    i.USART6_IRQHandler  bmi_task.o
    0x08002050   0x08002050   0x000000a8   Code   RO         7004    i.USART6_init       usart.o
    0x080020f8   0x080020f8   0x00000012   Code   RO         6130    i.USART_ClearFlag   stm32f4xx_usart.o
    0x0800210a   0x0800210a   0x0000001e   Code   RO         6131    i.USART_ClearITPendingBit  stm32f4xx_usart.o
    0x08002128   0x08002128   0x00000018   Code   RO         6134    i.USART_Cmd         stm32f4xx_usart.o
    0x08002140   0x08002140   0x00000012   Code   RO         6135    i.USART_DMACmd      stm32f4xx_usart.o
    0x08002152   0x08002152   0x0000001a   Code   RO         6137    i.USART_GetFlagStatus  stm32f4xx_usart.o
    0x0800216c   0x0800216c   0x00000054   Code   RO         6138    i.USART_GetITStatus  stm32f4xx_usart.o
    0x080021c0   0x080021c0   0x0000004a   Code   RO         6140    i.USART_ITConfig    stm32f4xx_usart.o
    0x0800220a   0x0800220a   0x00000002   PAD
    0x0800220c   0x0800220c   0x000000d4   Code   RO         6141    i.USART_Init        stm32f4xx_usart.o
    0x080022e0   0x080022e0   0x0000000a   Code   RO         6148    i.USART_ReceiveData  stm32f4xx_usart.o
    0x080022ea   0x080022ea   0x00000008   Code   RO         6151    i.USART_SendData    stm32f4xx_usart.o
    0x080022f2   0x080022f2   0x00000002   PAD
    0x080022f4   0x080022f4   0x00000044   Code   RO         7005    i.USART_sendFloat   usart.o
    0x08002338   0x08002338   0x00000004   Code   RO         6457    i.UsageFault_Handler  stm32f4xx_it.o
    0x0800233c   0x0800233c   0x00000030   Code   RO         7564    i.__ARM_fpclassify  m_wm.l(fpclassify.o)
    0x0800236c   0x0800236c   0x00000004   PAD
    0x08002370   0x08002370   0x00000c50   Code   RO         7481    i.__hardfp_pow      m_wm.l(pow.o)
    0x08002fc0   0x08002fc0   0x000000f8   Code   RO         7582    i.__kernel_poly     m_wm.l(poly.o)
    0x080030b8   0x080030b8   0x00000030   Code   RO         7544    i.__mathlib_dbl_divzero  m_wm.l(dunder.o)
    0x080030e8   0x080030e8   0x00000014   Code   RO         7546    i.__mathlib_dbl_infnan2  m_wm.l(dunder.o)
    0x080030fc   0x080030fc   0x00000004   PAD
    0x08003100   0x08003100   0x00000020   Code   RO         7547    i.__mathlib_dbl_invalid  m_wm.l(dunder.o)
    0x08003120   0x08003120   0x00000020   Code   RO         7548    i.__mathlib_dbl_overflow  m_wm.l(dunder.o)
    0x08003140   0x08003140   0x00000020   Code   RO         7550    i.__mathlib_dbl_underflow  m_wm.l(dunder.o)
    0x08003160   0x08003160   0x0000000e   Code   RO         7634    i.__scatterload_copy  mc_w.l(handlers.o)
    0x0800316e   0x0800316e   0x00000002   Code   RO         7635    i.__scatterload_null  mc_w.l(handlers.o)
    0x08003170   0x08003170   0x0000000e   Code   RO         7636    i.__scatterload_zeroinit  mc_w.l(handlers.o)
    0x0800317e   0x0800317e   0x00000002   PAD
    0x08003180   0x08003180   0x0000000c   Code   RO         7610    i.__set_errno       mc_w.l(errno.o)
    0x0800318c   0x0800318c   0x000000f0   Code   RO         6773    i.bmi_task          bmi_task.o
    0x0800327c   0x0800327c   0x000000fc   Code   RO         7047    i.can1_init         can.o
    0x08003378   0x08003378   0x00000048   Code   RO         7236    i.crc_16            bsp_crc16.o
    0x080033c0   0x080033c0   0x00000028   Code   RO         7269    i.crc_8             bsp_crc8.o
    0x080033e8   0x080033e8   0x0000002c   Code   RO         6592    i.create_start_task  start_task.o
    0x08003414   0x08003414   0x00000044   Code   RO         6825    i.delay_init        delay.o
    0x08003458   0x08003458   0x00000040   Code   RO         6826    i.delay_ms          delay.o
    0x08003498   0x08003498   0x00000048   Code   RO         6827    i.delay_us          delay.o
    0x080034e0   0x080034e0   0x00000018   Code   RO         7560    i.fabs              m_wm.l(fabs.o)
    0x080034f8   0x080034f8   0x00000054   Code   RO         7430    i.firstOrderFilter_caculate  filters.o
    0x0800354c   0x0800354c   0x00000028   Code   RO         7431    i.firstOrderFilter_init  filters.o
    0x08003574   0x08003574   0x00000020   Code   RO         7168    i.float_protocol    bsp_protocol.o
    0x08003594   0x08003594   0x00000098   Code   RO         7169    i.get_protocol_info  bsp_protocol.o
    0x0800362c   0x0800362c   0x000000b0   Code   RO         6740    i.gimbal_task       gimbal_task.o
    0x080036dc   0x080036dc   0x00000050   Code   RO         6547    i.init_all          init.o
    0x0800372c   0x0800372c   0x0000004c   Code   RO         7238    i.init_crc16_tab    bsp_crc16.o
    0x08003778   0x08003778   0x00000020   Code   RO         6896    i.ledX_Clear        led.o
    0x08003798   0x08003798   0x0000007c   Code   RO         6897    i.ledX_Off          led.o
    0x08003814   0x08003814   0x0000000c   Code   RO         6898    i.ledX_On           led.o
    0x08003820   0x08003820   0x0000006c   Code   RO         6900    i.ledX_init         led.o
    0x0800388c   0x0800388c   0x0000007c   Code   RO         6901    i.ledX_light        led.o
    0x08003908   0x08003908   0x0000004c   Code   RO         6388    i.main              main.o
    0x08003954   0x08003954   0x00000008   Code   RO         7433    i.meanFilter_init   filters.o
    0x0800395c   0x0800395c   0x00000024   Code   RO         6691    i.mecanum_task      mecanum_task.o
    0x08003980   0x08003980   0x000000f8   Code   RO         7048    i.moto_infomation_process  can.o
    0x08003a78   0x08003a78   0x0000002e   Code   RO         7376    i.pid_abs_limit     pid.o
    0x08003aa6   0x08003aa6   0x000000d2   Code   RO         7377    i.pid_caculate_delta  pid.o
    0x08003b78   0x08003b78   0x0000013c   Code   RO         6651    i.pid_caculate_init  pid_caculate_task.o
    0x08003cb4   0x08003cb4   0x00000114   Code   RO         6652    i.pid_caculate_task  pid_caculate_task.o
    0x08003dc8   0x08003dc8   0x00000074   Code   RO         7380    i.pid_init          pid.o
    0x08003e3c   0x08003e3c   0x00000078   Code   RO         7049    i.power_init        can.o
    0x08003eb4   0x08003eb4   0x00000042   Code   RO         7171    i.protocol_heade_Check  bsp_protocol.o
    0x08003ef6   0x08003ef6   0x00000002   PAD
    0x08003ef8   0x08003ef8   0x00000028   Code   RO         6774    i.protocol_rx_irq_usart6  bmi_task.o
    0x08003f20   0x08003f20   0x00000098   Code   RO          575    i.prvAddCurrentTaskToDelayedList  tasks.o
    0x08003fb8   0x08003fb8   0x000000b8   Code   RO          576    i.prvAddNewTaskToReadyList  tasks.o
    0x08004070   0x08004070   0x00000064   Code   RO          933    i.prvCheckForValidListAndQueue  timers.o
    0x080040d4   0x080040d4   0x00000048   Code   RO          577    i.prvCheckTasksWaitingTermination  tasks.o
    0x0800411c   0x0800411c   0x0000002a   Code   RO          198    i.prvCopyDataFromQueue  queue.o
    0x08004146   0x08004146   0x0000007e   Code   RO          199    i.prvCopyDataToQueue  queue.o
    0x080041c4   0x080041c4   0x00000012   Code   RO          578    i.prvDeleteTCB      tasks.o
    0x080041d6   0x080041d6   0x00000002   PAD
    0x080041d8   0x080041d8   0x00000028   Code   RO          934    i.prvGetNextExpireTime  timers.o
    0x08004200   0x08004200   0x0000007c   Code   RO         1087    i.prvHeapInit       heap_4.o
    0x0800427c   0x0800427c   0x00000028   Code   RO          579    i.prvIdleTask       tasks.o
    0x080042a4   0x080042a4   0x0000002a   Code   RO          202    i.prvInitialiseNewQueue  queue.o
    0x080042ce   0x080042ce   0x000000be   Code   RO          580    i.prvInitialiseNewTask  tasks.o
    0x0800438c   0x0800438c   0x00000068   Code   RO          581    i.prvInitialiseTaskLists  tasks.o
    0x080043f4   0x080043f4   0x00000068   Code   RO         1088    i.prvInsertBlockIntoFreeList  heap_4.o
    0x0800445c   0x0800445c   0x00000058   Code   RO          936    i.prvInsertTimerInActiveList  timers.o
    0x080044b4   0x080044b4   0x0000001a   Code   RO          203    i.prvIsQueueEmpty   queue.o
    0x080044ce   0x080044ce   0x0000001e   Code   RO          204    i.prvIsQueueFull    queue.o
    0x080044ec   0x080044ec   0x00000074   Code   RO          937    i.prvProcessExpiredTimer  timers.o
    0x08004560   0x08004560   0x00000138   Code   RO          938    i.prvProcessReceivedCommands  timers.o
    0x08004698   0x08004698   0x00000074   Code   RO          939    i.prvProcessTimerOrBlockTask  timers.o
    0x0800470c   0x0800470c   0x00000034   Code   RO          583    i.prvResetNextTaskUnblockTime  tasks.o
    0x08004740   0x08004740   0x0000002c   Code   RO          940    i.prvSampleTimeNow  timers.o
    0x0800476c   0x0800476c   0x000000a4   Code   RO          941    i.prvSwitchTimerLists  timers.o
    0x08004810   0x08004810   0x00000040   Code   RO         1137    i.prvTaskExitError  port.o
    0x08004850   0x08004850   0x0000001a   Code   RO          942    i.prvTimerTask      timers.o
    0x0800486a   0x0800486a   0x0000007e   Code   RO          205    i.prvUnlockQueue    queue.o
    0x080048e8   0x080048e8   0x0000013c   Code   RO         1089    i.pvPortMalloc      heap_4.o
    0x08004a24   0x08004a24   0x0000002c   Code   RO         1138    i.pxPortInitialiseStack  port.o
    0x08004a50   0x08004a50   0x00000020   Code   RO         7006    i.sendD             usart.o
    0x08004a70   0x08004a70   0x00000048   Code   RO         7050    i.set_2006_current  can.o
    0x08004ab8   0x08004ab8   0x00000064   Code   RO         7051    i.set_3508_current  can.o
    0x08004b1c   0x08004b1c   0x000000a8   Code   RO         6716    i.shoot_task        shoot_task.o
    0x08004bc4   0x08004bc4   0x0000006e   Code   RO         7509    i.sqrt              m_wm.l(sqrt.o)
    0x08004c32   0x08004c32   0x00000002   PAD
    0x08004c34   0x08004c34   0x00000140   Code   RO         6593    i.start_task        start_task.o
    0x08004d74   0x08004d74   0x00000020   Code   RO         6594    i.test_task         start_task.o
    0x08004d94   0x08004d94   0x0000002c   Code   RO         6595    i.usart_task        start_task.o
    0x08004dc0   0x08004dc0   0x00000028   Code   RO          158    i.uxListRemove      list.o
    0x08004de8   0x08004de8   0x0000001a   Code   RO          159    i.vListInitialise   list.o
    0x08004e02   0x08004e02   0x00000006   Code   RO          160    i.vListInitialiseItem  list.o
    0x08004e08   0x08004e08   0x00000034   Code   RO          161    i.vListInsert       list.o
    0x08004e3c   0x08004e3c   0x00000018   Code   RO          162    i.vListInsertEnd    list.o
    0x08004e54   0x08004e54   0x00000054   Code   RO         1140    i.vPortEnterCritical  port.o
    0x08004ea8   0x08004ea8   0x0000003c   Code   RO         1141    i.vPortExitCritical  port.o
    0x08004ee4   0x08004ee4   0x00000094   Code   RO         1090    i.vPortFree         heap_4.o
    0x08004f78   0x08004f78   0x00000028   Code   RO         1142    i.vPortSetupTimerInterrupt  port.o
    0x08004fa0   0x08004fa0   0x00000078   Code   RO         1143    i.vPortValidateInterruptPriority  port.o
    0x08005018   0x08005018   0x0000002c   Code   RO          211    i.vQueueAddToRegistry  queue.o
    0x08005044   0x08005044   0x0000004a   Code   RO          215    i.vQueueWaitForMessageRestricted  queue.o
    0x0800508e   0x0800508e   0x00000002   PAD
    0x08005090   0x08005090   0x0000005c   Code   RO          595    i.vTaskDelay        tasks.o
    0x080050ec   0x080050ec   0x000000d4   Code   RO          596    i.vTaskDelayUntil   tasks.o
    0x080051c0   0x080051c0   0x000000f4   Code   RO          597    i.vTaskDelete       tasks.o
    0x080052b4   0x080052b4   0x00000018   Code   RO          600    i.vTaskInternalSetTimeOutState  tasks.o
    0x080052cc   0x080052cc   0x0000000c   Code   RO          601    i.vTaskMissedYield  tasks.o
    0x080052d8   0x080052d8   0x00000038   Code   RO          603    i.vTaskPlaceOnEventList  tasks.o
    0x08005310   0x08005310   0x00000040   Code   RO          604    i.vTaskPlaceOnEventListRestricted  tasks.o
    0x08005350   0x08005350   0x00000094   Code   RO          612    i.vTaskStartScheduler  tasks.o
    0x080053e4   0x080053e4   0x00000010   Code   RO          614    i.vTaskSuspendAll   tasks.o
    0x080053f4   0x080053f4   0x0000008c   Code   RO          615    i.vTaskSwitchContext  tasks.o
    0x08005480   0x08005480   0x00000168   Code   RO         1144    i.xPortStartScheduler  port.o
    0x080055e8   0x080055e8   0x00000034   Code   RO         1145    i.xPortSysTickHandler  port.o
    0x0800561c   0x0800561c   0x0000005a   Code   RO          218    i.xQueueGenericCreate  queue.o
    0x08005676   0x08005676   0x00000002   PAD
    0x08005678   0x08005678   0x00000098   Code   RO          219    i.xQueueGenericReset  queue.o
    0x08005710   0x08005710   0x000001a8   Code   RO          220    i.xQueueGenericSend  queue.o
    0x080058b8   0x080058b8   0x000000f8   Code   RO          221    i.xQueueGenericSendFromISR  queue.o
    0x080059b0   0x080059b0   0x00000168   Code   RO          228    i.xQueueReceive     queue.o
    0x08005b18   0x08005b18   0x0000008c   Code   RO          616    i.xTaskCheckForTimeOut  tasks.o
    0x08005ba4   0x08005ba4   0x00000060   Code   RO          617    i.xTaskCreate       tasks.o
    0x08005c04   0x08005c04   0x00000020   Code   RO          621    i.xTaskGetSchedulerState  tasks.o
    0x08005c24   0x08005c24   0x0000000c   Code   RO          622    i.xTaskGetTickCount  tasks.o
    0x08005c30   0x08005c30   0x00000148   Code   RO          624    i.xTaskIncrementTick  tasks.o
    0x08005d78   0x08005d78   0x000000c8   Code   RO          627    i.xTaskPriorityDisinherit  tasks.o
    0x08005e40   0x08005e40   0x00000098   Code   RO          629    i.xTaskRemoveFromEventList  tasks.o
    0x08005ed8   0x08005ed8   0x00000104   Code   RO          630    i.xTaskResumeAll    tasks.o
    0x08005fdc   0x08005fdc   0x00000058   Code   RO          949    i.xTimerCreateTimerTask  timers.o
    0x08006034   0x08006034   0x00000084   Code   RO          950    i.xTimerGenericCommand  timers.o
    0x080060b8   0x080060b8   0x00000088   Data   RO         7484    .constdata          m_wm.l(pow.o)
    0x08006140   0x08006140   0x00000008   Data   RO         7584    .constdata          m_wm.l(qnan.o)
    0x08006148   0x08006148   0x00000020   Data   RO         7632    Region$$Table       anon$$obj.o


    Execution Region RW_IRAM1 (Exec base: 0x20000000, Load base: 0x08006168, Size: 0x00014368, Max: 0x00030000, ABSOLUTE, COMPRESSED[0x00000148])

    Exec Addr    Load Addr    Size         Type   Attr      Idx    E Section Name        Object

    0x20000000   COMPRESSED   0x0000003c   Data   RW          633    .data               tasks.o
    0x2000003c   COMPRESSED   0x00000014   Data   RW          956    .data               timers.o
    0x20000050   COMPRESSED   0x00000018   Data   RW         1095    .data               heap_4.o
    0x20000068   COMPRESSED   0x0000000c   Data   RW         1146    .data               port.o
    0x20000074   COMPRESSED   0x00000010   Data   RW         4234    .data               stm32f4xx_rcc.o
    0x20000084   COMPRESSED   0x00000014   Data   RW         6389    .data               main.o
    0x20000098   COMPRESSED   0x00000014   Data   RW         6512    .data               system_stm32f4xx.o
    0x200000ac   COMPRESSED   0x00000028   Data   RW         6596    .data               start_task.o
    0x200000d4   COMPRESSED   0x0000001c   Data   RW         6654    .data               pid_caculate_task.o
    0x200000f0   COMPRESSED   0x00000004   Data   RW         6692    .data               mecanum_task.o
    0x200000f4   COMPRESSED   0x00000014   Data   RW         6742    .data               gimbal_task.o
    0x20000108   COMPRESSED   0x00000018   Data   RW         6777    .data               bmi_task.o
    0x20000120   COMPRESSED   0x00000004   Data   RW         6829    .data               delay.o
    0x20000124   COMPRESSED   0x00000004   Data   RW         6955    .data               dbus.o
    0x20000128   COMPRESSED   0x0000000a   Data   RW         7172    .data               bsp_protocol.o
    0x20000132   COMPRESSED   0x00000001   Data   RW         7241    .data               bsp_crc16.o
    0x20000133   COMPRESSED   0x00000100   Data   RW         7271    .data               bsp_crc8.o
    0x20000233   COMPRESSED   0x00000001   PAD
    0x20000234   COMPRESSED   0x0000002c   Data   RW         7318    .data               gimbal.o
    0x20000260   COMPRESSED   0x00000004   Data   RW         7611    .data               mc_w.l(errno.o)
    0x20000264        -       0x00000040   Zero   RW          232    .bss                queue.o
    0x200002a4        -       0x000002e4   Zero   RW          632    .bss                tasks.o
    0x20000588        -       0x00000028   Zero   RW          955    .bss                timers.o
    0x200005b0        -       0x00012c00   Zero   RW         1094    .bss                heap_4.o
    0x200131b0        -       0x00000010   Zero   RW         6653    .bss                pid_caculate_task.o
    0x200131c0        -       0x00000444   Zero   RW         6775    .bss                bmi_task.o
    0x20013604        -       0x0000003a   Zero   RW         6954    .bss                dbus.o
    0x2001363e   COMPRESSED   0x00000002   PAD
    0x20013640        -       0x000000bc   Zero   RW         7053    .bss                can.o
    0x200136fc        -       0x00000010   Zero   RW         7123    .bss                mecanum.o
    0x2001370c        -       0x00000200   Zero   RW         7240    .bss                bsp_crc16.o
    0x2001390c        -       0x000002d8   Zero   RW         7352    .bss                data_stream.o
    0x20013be4        -       0x00000380   Zero   RW         7381    .bss                pid.o
    0x20013f64   COMPRESSED   0x00000004   PAD
    0x20013f68        -       0x00000400   Zero   RW            1    STACK               startup_stm32f427_437xx.o


==============================================================================

Image component sizes


      Code (inc. data)   RO Data    RW Data    ZI Data      Debug   Object Name

       380         72          0         24       1092       3369   bmi_task.o
       148         18          0          1        512       1894   bsp_crc16.o
        40          4          0        256          0       1212   bsp_crc8.o
       406          8          0         10          0       7248   bsp_protocol.o
      1080         78          0          0        188       6011   can.o
         0          0          0          0          0      14816   croutine.o
         0          0          0          0        728       1456   data_stream.o
       800         62          0          4         58       4353   dbus.o
       220         18          0          4          0       2545   delay.o
         0          0          0          0          0       9628   event_groups.o
       132          6          0          0          0       2142   filters.o
        16          4          0         44          0       1439   gimbal.o
       176         28          0         20          0       1534   gimbal_task.o
       692         62          0         24      76800       4367   heap_4.o
        80         20          0          0          0        527   init.o
       400         52          0          0          0       2867   led.o
       148          0          0          0          0       3194   list.o
        76         10          0         20          0       4118   main.o
        60         10          0          0         16       1856   mecanum.o
        36          6          0          4          0        571   mecanum_task.o
       160         14          0          0          0     315498   misc.o
       372          6          0          0        896       3499   pid.o
       592         96          0         28         16       2898   pid_caculate_task.o
      1014         92          0         12          0      11441   port.o
       240         10          0          0          0        716   pwm.o
      1784         20          0          0         64      15654   queue.o
       168         10          0          0          0        561   shoot_task.o
       440        184          0         40          0       3805   start_task.o
        36          8        428          0       1024        872   startup_stm32f427_437xx.o
      1622         20          0          0          0       7018   stm32f4xx_can.o
       548         26          0          0          0       6070   stm32f4xx_dma.o
       232          0          0          0          0       3439   stm32f4xx_gpio.o
        20          0          0          0          0       2897   stm32f4xx_it.o
       328         36          0         16          0       4631   stm32f4xx_rcc.o
       852         66          0          0          0       9880   stm32f4xx_tim.o
       504          8          0          0          0       7268   stm32f4xx_usart.o
       392         32          0         20          0       1889   system_stm32f4xx.o
      3040        402          0         60        740      25850   tasks.o
      1226        116          0         20         40      22347   timers.o
       420         26          0          0          0       3073   usart.o

    ----------------------------------------------------------------------
     18910       1630        460        608      82180     524453   Object Totals
         0          0         32          0          0          0   (incl. Generated)
        30          0          0          1          6          0   (incl. Padding)

    ----------------------------------------------------------------------

      Code (inc. data)   RO Data    RW Data    ZI Data      Debug   Library Member Name

       164         44          0          0          0        620   dunder.o
        24          0          0          0          0        124   fabs.o
        48          0          0          0          0        124   fpclassify.o
       248          0          0          0          0        152   poly.o
      3152        296        136          0          0        352   pow.o
         0          0          8          0          0          0   qnan.o
       110          0          0          0          0        148   sqrt.o
        86          0          0          0          0          0   __dczerorl2.o
         0          0          0          0          0          0   entry.o
         0          0          0          0          0          0   entry10a.o
         0          0          0          0          0          0   entry11a.o
         8          4          0          0          0          0   entry2.o
         4          0          0          0          0          0   entry5.o
         0          0          0          0          0          0   entry7b.o
         0          0          0          0          0          0   entry8b.o
         8          4          0          0          0          0   entry9a.o
        12          6          0          4          0         68   errno.o
        30          0          0          0          0          0   handlers.o
        36          8          0          0          0         68   init.o
         0          0          0          0          0          0   iusefp.o
        30          0          0          0          0         68   llshl.o
        36          0          0          0          0         68   llsshr.o
        32          0          0          0          0         68   llushr.o
        36          0          0          0          0         68   memcpya.o
        36          0          0          0          0        108   memseta.o
        48          0          0          0          0         68   cdrcmple.o
       334          0          0          0          0        148   dadd.o
       222          0          0          0          0        100   ddiv.o
       186          0          0          0          0        176   depilogue.o
        50          0          0          0          0         76   dfixui.o
        34          0          0          0          0         76   dflti.o
       228          0          0          0          0         96   dmul.o
        46          0          0          0          0         80   dscalb.o
       162          0          0          0          0        100   dsqrt.o

    ----------------------------------------------------------------------
      5422        362        144          4          0       2956   Library Totals
        12          0          0          0          0          0   (incl. Padding)

    ----------------------------------------------------------------------

      Code (inc. data)   RO Data    RW Data    ZI Data      Debug   Library Name

      3746        340        144          0          0       1520   m_wm.l
       354         22          0          4          0        516   mc_w.l
      1310          0          0          0          0        920   mf_w.l

    ----------------------------------------------------------------------
      5422        362        144          4          0       2956   Library Totals

    ----------------------------------------------------------------------

==============================================================================


      Code (inc. data)   RO Data    RW Data    ZI Data      Debug   

     24332       1992        604        612      82180     508417   Grand Totals
     24332       1992        604        328      82180     508417   ELF Image Totals (compressed)
     24332       1992        604        328          0          0   ROM Totals

==============================================================================

    Total RO  Size (Code + RO Data)                24936 (  24.35kB)
    Total RW  Size (RW Data + ZI Data)             82792 (  80.85kB)
    Total ROM Size (Code + RO Data + RW Data)      25264 (  24.67kB)

==============================================================================

